******************************************************************************
                  TI ARM Linker Unix v20.2.7                   
******************************************************************************
>> Linked Mon Sep 29 16:38:49 2025

OUTPUT FILE NAME:   <adc_simple.out>
ENTRY POINT SYMBOL: "_c_int00_noargs"  address: 00000c75


MEMORY CONFIGURATION

         name            origin    length      used     unused   attr    fill
----------------------  --------  ---------  --------  --------  ----  --------
  FLASH                 00000000   00040000  00000eee  0003f112  R  X
  SRAM                  20000000   00008000  00000805  000077fb  RW X


SEGMENT ALLOCATION MAP

run origin  load origin   length   init length attrs members
----------  ----------- ---------- ----------- ----- -------
00000000    00000000    00000ef0   00000ef0    r-x
  00000000    00000000    0000026c   0000026c    r-- .intvecs
  0000026c    0000026c    00000b56   00000b56    r-x .text
  00000dc4    00000dc4    00000114   00000114    r-- .const
  00000ed8    00000ed8    00000018   00000018    r-- .cinit
20000000    20000000    00000805   00000000    rw-
  20000000    20000000    00000800   00000000    rw- .stack
  20000800    20000800    00000005   00000000    rw- .data


SECTION ALLOCATION MAP

 output                                  attributes/
section   page    origin      length       input sections
--------  ----  ----------  ----------   ----------------
.intvecs   0    00000000    0000026c     
                  00000000    0000026c     startup_ccs.obj (.intvecs)

.text      0    0000026c    00000b56     
                  0000026c    000001ee     uartstdio.obj (.text:UARTvprintf)
                  0000045a    00000002     adc_simple.obj (.text:ADCSeq0Handler)
                  0000045c    0000016c     driverlib.lib : gpio.obj (.text:GPIOPadConfigSet)
                  000005c8    00000118                   : sysctl.obj (.text:SysCtlClockGet)
                  000006e0    000000f4                   : sysctl.obj (.text:SysCtlClockSet)
                  000007d4    000000d0     adc_simple.obj (.text:main)
                  000008a4    0000009c     rtsv7M4_T_le_v4SPD16_eabi.lib : memcpy_t2.asm.obj (.text)
                  00000940    0000007a     driverlib.lib : adc.obj (.text:ADCSequenceStepConfigure)
                  000009ba    00000068     rtsv7M4_T_le_v4SPD16_eabi.lib : copy_decompress_lzss.c.obj (.text:decompress:lzss:__TI_decompress_lzss)
                  00000a22    00000002     startup_ccs.obj (.text:FaultISR)
                  00000a24    00000060     uartstdio.obj (.text:UARTStdioConfig)
                  00000a84    00000050     uartstdio.obj (.text:UARTwrite)
                  00000ad4    0000004e     driverlib.lib : adc.obj (.text:ADCSequenceConfigure)
                  00000b22    00000002     startup_ccs.obj (.text:IntDefaultHandler)
                  00000b24    0000004c     adc_simple.obj (.text:ConfigureUART)
                  00000b70    0000004c     driverlib.lib : gpio.obj (.text:GPIOPinConfigure)
                  00000bbc    00000044     rtsv7M4_T_le_v4SPD16_eabi.lib : autoinit.c.obj (.text:__TI_auto_init_nobinit_nopinit:__TI_auto_init_nobinit_nopinit)
                  00000c00    00000040                                   : u_divt2.asm.obj (.text)
                  00000c40    00000034     driverlib.lib : sysctl.obj (.text:SysCtlPeripheralEnable)
                  00000c74    00000034     rtsv7M4_T_le_v4SPD16_eabi.lib : boot_cortex_m.c.obj (.text:_c_int00_noargs:_c_int00_noargs)
                  00000ca8    0000002e     driverlib.lib : adc.obj (.text:ADCIntStatus)
                  00000cd6    0000002c                   : gpio.obj (.text:GPIODirModeSet)
                  00000d02    0000001e                   : adc.obj (.text:ADCSequenceDataGet)
                  00000d20    0000001a     uartstdio.obj (.text:UARTprintf)
                  00000d3a    00000018     driverlib.lib : adc.obj (.text:ADCProcessorTrigger)
                  00000d52    00000016                   : gpio.obj (.text:GPIOPinTypeADC)
                  00000d68    00000016                   : gpio.obj (.text:GPIOPinTypeUART)
                  00000d7e    0000000e                   : adc.obj (.text:ADCSequenceEnable)
                  00000d8c    0000000e     rtsv7M4_T_le_v4SPD16_eabi.lib : copy_decompress_none.c.obj (.text:decompress:none:__TI_decompress_none)
                  00000d9a    0000000a     driverlib.lib : adc.obj (.text:ADCIntClear)
                  00000da4    00000006     startup_ccs.obj (.text:ResetISR)
                  00000daa    00000006     driverlib.lib : sysctl.obj (.text:SysCtlDelay)
                  00000db0    00000006                   : uart.obj (.text:UARTClockSourceSet)
                  00000db6    00000004     rtsv7M4_T_le_v4SPD16_eabi.lib : pre_init.c.obj (.text:_system_pre_init)
                  00000dba    00000004                                   : exit.c.obj (.text:abort:abort)
                  00000dbe    00000002     startup_ccs.obj (.text:NmiSR)
                  00000dc0    00000002     rtsv7M4_T_le_v4SPD16_eabi.lib : div0.asm.obj (.text)

.const     0    00000dc4    00000114     
                  00000dc4    00000090     driverlib.lib : gpio.obj (.const:g_pui32GPIOBaseAddrs)
                  00000e54    0000006c                   : sysctl.obj (.const:g_pui32Xtals)
                  00000ec0    0000000c     uartstdio.obj (.const:g_ui32UARTBase)
                  00000ecc    0000000c     uartstdio.obj (.const:g_ui32UARTPeriph)

.cinit     0    00000ed8    00000018     
                  00000ed8    00000008     (__TI_handler_table)
                  00000ee0    00000007     (.cinit..data.load) [load image, compression = lzss]
                  00000ee7    00000001     --HOLE-- [fill = 0]
                  00000ee8    00000008     (__TI_cinit_table)

.init_array 
*          0    00000000    00000000     UNINITIALIZED

.data      0    20000800    00000005     UNINITIALIZED
                  20000800    00000005     uartstdio.obj (.data)

.stack     0    20000000    00000800     UNINITIALIZED
                  20000000    00000004     rtsv7M4_T_le_v4SPD16_eabi.lib : boot_cortex_m.c.obj (.stack)
                  20000004    000007fc     --HOLE--

__llvm_prf_cnts 
*          0    20000000    00000000     UNINITIALIZED

.binit     0    00000000    00000000     

MODULE SUMMARY

       Module                       code   ro data   rw data
       ------                       ----   -------   -------
    ./
       startup_ccs.obj              12     620       0      
       adc_simple.obj               286    0         0      
    +--+----------------------------+------+---------+---------+
       Total:                       298    620       0      
                                                            
    ./utils/
       uartstdio.obj                696    24        5      
    +--+----------------------------+------+---------+---------+
       Total:                       696    24        5      
                                                            
    /home/jithin/Downloads/ti-cgt-arm_20.2.7.LTS/lib/rtsv7M4_T_le_v4SPD16_eabi.lib
       memcpy_t2.asm.obj            156    0         0      
       copy_decompress_lzss.c.obj   104    0         0      
       autoinit.c.obj               68     0         0      
       u_divt2.asm.obj              64     0         0      
       boot_cortex_m.c.obj          52     0         0      
       copy_decompress_none.c.obj   14     0         0      
       exit.c.obj                   4      0         0      
       pre_init.c.obj               4      0         0      
       div0.asm.obj                 2      0         0      
    +--+----------------------------+------+---------+---------+
       Total:                       468    0         0      
                                                            
    /home/jithin/ti/TivaWare_C_Series-2.2.0.295/driverlib/ccs/Debug/driverlib.lib
       sysctl.obj                   582    108       0      
       gpio.obj                     528    144       0      
       adc.obj                      324    0         0      
       uart.obj                     6      0         0      
    +--+----------------------------+------+---------+---------+
       Total:                       1440   252       0      
                                                            
       Stack:                       0      0         2048   
       Linker Generated:            0      23        0      
    +--+----------------------------+------+---------+---------+
       Grand Total:                 2902   919       2053   


LINKER GENERATED COPY TABLES

__TI_cinit_table @ 00000ee8 records: 1, size/record: 8, table size: 8
	.data: load addr=00000ee0, load size=00000007 bytes, run addr=20000800, run size=00000005 bytes, compression=lzss


LINKER GENERATED HANDLER TABLE

__TI_handler_table @ 00000ed8 records: 2, size/record: 4, table size: 8
	index: 0, handler: __TI_decompress_lzss
	index: 1, handler: __TI_decompress_none


GLOBAL SYMBOLS: SORTED ALPHABETICALLY BY Name 

address   name                          
-------   ----                          
00000d9b  ADCIntClear                   
00000ca9  ADCIntStatus                  
00000d3b  ADCProcessorTrigger           
0000045b  ADCSeq0Handler                
00000ad5  ADCSequenceConfigure          
00000d03  ADCSequenceDataGet            
00000d7f  ADCSequenceEnable             
00000941  ADCSequenceStepConfigure      
00000dbb  C$$EXIT                       
00000b25  ConfigureUART                 
00000cd7  GPIODirModeSet                
0000045d  GPIOPadConfigSet              
00000b71  GPIOPinConfigure              
00000d53  GPIOPinTypeADC                
00000d69  GPIOPinTypeUART               
00000da5  ResetISR                      
000005c9  SysCtlClockGet                
000006e1  SysCtlClockSet                
00000dab  SysCtlDelay                   
00000c41  SysCtlPeripheralEnable        
00000db1  UARTClockSourceSet            
00000a25  UARTStdioConfig               
00000d21  UARTprintf                    
0000026d  UARTvprintf                   
00000a85  UARTwrite                     
20000800  __STACK_END                   
00000800  __STACK_SIZE                  
20000800  __STACK_TOP                   
00000ee8  __TI_CINIT_Base               
00000ef0  __TI_CINIT_Limit              
00000ed8  __TI_Handler_Table_Base       
00000ee0  __TI_Handler_Table_Limit      
00000bbd  __TI_auto_init_nobinit_nopinit
000009bb  __TI_decompress_lzss          
00000d8d  __TI_decompress_none          
ffffffff  __TI_pprof_out_hndl           
ffffffff  __TI_prof_data_size           
ffffffff  __TI_prof_data_start          
00000000  __TI_static_base__            
00000dc1  __aeabi_idiv0                 
00000dc1  __aeabi_ldiv0                 
000008a5  __aeabi_memcpy                
000008a5  __aeabi_memcpy4               
000008a5  __aeabi_memcpy8               
00000c01  __aeabi_uidiv                 
00000c01  __aeabi_uidivmod              
ffffffff  __binit__                     
ffffffff  __c_args__                    
UNDEFED   __mpu_init                    
20000000  __stack                       
20000000  __start___llvm_prf_cnts       
20000000  __stop___llvm_prf_cnts        
00000c75  _c_int00_noargs               
UNDEFED   _system_post_cinit            
00000db7  _system_pre_init              
00000dbb  abort                         
ffffffff  binit                         
00000000  g_pfnVectors                  
000007d5  main                          
000008a5  memcpy                        


GLOBAL SYMBOLS: SORTED BY Symbol Address 

address   name                          
-------   ----                          
00000000  __TI_static_base__            
00000000  g_pfnVectors                  
0000026d  UARTvprintf                   
0000045b  ADCSeq0Handler                
0000045d  GPIOPadConfigSet              
000005c9  SysCtlClockGet                
000006e1  SysCtlClockSet                
000007d5  main                          
00000800  __STACK_SIZE                  
000008a5  __aeabi_memcpy                
000008a5  __aeabi_memcpy4               
000008a5  __aeabi_memcpy8               
000008a5  memcpy                        
00000941  ADCSequenceStepConfigure      
000009bb  __TI_decompress_lzss          
00000a25  UARTStdioConfig               
00000a85  UARTwrite                     
00000ad5  ADCSequenceConfigure          
00000b25  ConfigureUART                 
00000b71  GPIOPinConfigure              
00000bbd  __TI_auto_init_nobinit_nopinit
00000c01  __aeabi_uidiv                 
00000c01  __aeabi_uidivmod              
00000c41  SysCtlPeripheralEnable        
00000c75  _c_int00_noargs               
00000ca9  ADCIntStatus                  
00000cd7  GPIODirModeSet                
00000d03  ADCSequenceDataGet            
00000d21  UARTprintf                    
00000d3b  ADCProcessorTrigger           
00000d53  GPIOPinTypeADC                
00000d69  GPIOPinTypeUART               
00000d7f  ADCSequenceEnable             
00000d8d  __TI_decompress_none          
00000d9b  ADCIntClear                   
00000da5  ResetISR                      
00000dab  SysCtlDelay                   
00000db1  UARTClockSourceSet            
00000db7  _system_pre_init              
00000dbb  C$$EXIT                       
00000dbb  abort                         
00000dc1  __aeabi_idiv0                 
00000dc1  __aeabi_ldiv0                 
00000ed8  __TI_Handler_Table_Base       
00000ee0  __TI_Handler_Table_Limit      
00000ee8  __TI_CINIT_Base               
00000ef0  __TI_CINIT_Limit              
20000000  __stack                       
20000000  __start___llvm_prf_cnts       
20000000  __stop___llvm_prf_cnts        
20000800  __STACK_END                   
20000800  __STACK_TOP                   
ffffffff  __TI_pprof_out_hndl           
ffffffff  __TI_prof_data_size           
ffffffff  __TI_prof_data_start          
ffffffff  __binit__                     
ffffffff  __c_args__                    
ffffffff  binit                         
UNDEFED   __mpu_init                    
UNDEFED   _system_post_cinit            

[60 symbols]
