******************************************************************************
                  TI ARM Linker Unix v20.2.7                   
******************************************************************************
>> Linked Wed Oct  1 10:43:04 2025

OUTPUT FILE NAME:   <char16display.out>
ENTRY POINT SYMBOL: "_c_int00_noinit_noargs"  address: 00000751


MEMORY CONFIGURATION

         name            origin    length      used     unused   attr    fill
----------------------  --------  ---------  --------  --------  ----  --------
  FLASH                 00000000   00040000  0000091a  0003f6e6  R  X
  SRAM                  20000000   00008000  00000800  00007800  RW X


SEGMENT ALLOCATION MAP

run origin  load origin   length   init length attrs members
----------  ----------- ---------- ----------- ----- -------
00000000    00000000    0000091a   0000091a    r-x
  00000000    00000000    0000026c   0000026c    r-- .intvecs
  0000026c    0000026c    00000640   00000640    r-x .text
  000008ac    000008ac    0000006e   0000006e    r-- .const
20000000    20000000    00000800   00000000    rw-
  20000000    20000000    00000800   00000000    rw- .stack


SECTION ALLOCATION MAP

 output                                  attributes/
section   page    origin      length       input sections
--------  ----  ----------  ----------   ----------------
.intvecs   0    00000000    0000026c     
                  00000000    0000026c     startup_ccs.obj (.intvecs)

.text      0    0000026c    00000640     
                  0000026c    0000016c     driverlib.lib : gpio.obj (.text:GPIOPadConfigSet)
                  000003d8    00000118                   : sysctl.obj (.text:SysCtlClockGet)
                  000004f0    000000f4                   : sysctl.obj (.text:SysCtlClockSet)
                  000005e4    00000080     char16display.obj (.text:LCD_init)
                  00000664    00000054     char16display.obj (.text:main)
                  000006b8    00000038     driverlib.lib : sysctl.obj (.text:SysCtlPeripheralReady)
                  000006f0    00000034                   : sysctl.obj (.text:SysCtlPeripheralEnable)
                  00000724    0000002c                   : gpio.obj (.text:GPIODirModeSet)
                  00000750    0000002c     rtsv7M4_T_le_v4SPD16_eabi.lib : boot_cortex_m.c.obj (.text:_c_int00_noinit_noargs:_c_int00_noinit_noargs)
                  0000077c    00000028     char16display.obj (.text:LCD_pulseEnable)
                  000007a4    00000026     char16display.obj (.text:LCD_command)
                  000007ca    00000026     char16display.obj (.text:LCD_data)
                  000007f0    00000020     char16display.obj (.text:LCD_setCursor)
                  00000810    0000001c     char16display.obj (.text:delay_us)
                  0000082c    0000001a     driverlib.lib : gpio.obj (.text:GPIOPinTypeGPIOOutput)
                  00000846    00000002     char16display.obj (.text:ADCSeq0Handler)
                  00000848    00000018     char16display.obj (.text:LCD_write4bits)
                  00000860    00000018     char16display.obj (.text:delay_ms)
                  00000878    00000014     char16display.obj (.text:LCD_print)
                  0000088c    00000006     driverlib.lib : gpio.obj (.text:GPIOPinWrite)
                  00000892    00000006     startup_ccs.obj (.text:ResetISR)
                  00000898    00000006     driverlib.lib : sysctl.obj (.text:SysCtlDelay)
                  0000089e    00000004     rtsv7M4_T_le_v4SPD16_eabi.lib : pre_init.c.obj (.text:_system_pre_init)
                  000008a2    00000004                                   : exit.c.obj (.text:abort:abort)
                  000008a6    00000002     startup_ccs.obj (.text:FaultISR)
                  000008a8    00000002     startup_ccs.obj (.text:IntDefaultHandler)
                  000008aa    00000002     startup_ccs.obj (.text:NmiSR)

.const     0    000008ac    0000006e     
                  000008ac    0000006c     driverlib.lib : sysctl.obj (.const:g_pui32Xtals)
                  00000918    00000002     char16display.obj (.const:.string:$P$T0$1)

.cinit     0    00000000    00000000     UNINITIALIZED

.init_array 
*          0    00000000    00000000     UNINITIALIZED

.stack     0    20000000    00000800     UNINITIALIZED
                  20000000    00000004     rtsv7M4_T_le_v4SPD16_eabi.lib : boot_cortex_m.c.obj (.stack)
                  20000004    000007fc     --HOLE--

__llvm_prf_cnts 
*          0    20000000    00000000     UNINITIALIZED

.binit     0    00000000    00000000     

MODULE SUMMARY

       Module                code   ro data   rw data
       ------                ----   -------   -------
    ./
       startup_ccs.obj       12     620       0      
       char16display.obj     458    2         0      
    +--+---------------------+------+---------+---------+
       Total:                470    622       0      
                                                     
    /home/jithin/Downloads/ti-cgt-arm_20.2.7.LTS/lib/rtsv7M4_T_le_v4SPD16_eabi.lib
       boot_cortex_m.c.obj   44     0         0      
       exit.c.obj            4      0         0      
       pre_init.c.obj        4      0         0      
    +--+---------------------+------+---------+---------+
       Total:                52     0         0      
                                                     
    /home/jithin/ti/TivaWare_C_Series-2.2.0.295/driverlib/ccs/Debug/driverlib.lib
       sysctl.obj            638    108       0      
       gpio.obj              440    0         0      
    +--+---------------------+------+---------+---------+
       Total:                1078   108       0      
                                                     
       Stack:                0      0         2048   
    +--+---------------------+------+---------+---------+
       Grand Total:          1600   730       2048   


GLOBAL SYMBOLS: SORTED ALPHABETICALLY BY Name 

address   name                   
-------   ----                   
00000847  ADCSeq0Handler         
000008a3  C$$EXIT                
00000725  GPIODirModeSet         
0000026d  GPIOPadConfigSet       
0000082d  GPIOPinTypeGPIOOutput  
0000088d  GPIOPinWrite           
000007a5  LCD_command            
000007cb  LCD_data               
000005e5  LCD_init               
00000879  LCD_print              
0000077d  LCD_pulseEnable        
000007f1  LCD_setCursor          
00000849  LCD_write4bits         
00000893  ResetISR               
000003d9  SysCtlClockGet         
000004f1  SysCtlClockSet         
00000899  SysCtlDelay            
000006f1  SysCtlPeripheralEnable 
000006b9  SysCtlPeripheralReady  
20000800  __STACK_END            
00000800  __STACK_SIZE           
20000800  __STACK_TOP            
ffffffff  __TI_pprof_out_hndl    
ffffffff  __TI_prof_data_size    
ffffffff  __TI_prof_data_start   
00000000  __TI_static_base__     
ffffffff  __binit__              
ffffffff  __c_args__             
UNDEFED   __mpu_init             
20000000  __stack                
20000000  __start___llvm_prf_cnts
20000000  __stop___llvm_prf_cnts 
00000751  _c_int00_noinit_noargs 
0000089f  _system_pre_init       
000008a3  abort                  
ffffffff  binit                  
00000861  delay_ms               
00000811  delay_us               
00000000  g_pfnVectors           
00000665  main                   


GLOBAL SYMBOLS: SORTED BY Symbol Address 

address   name                   
-------   ----                   
00000000  __TI_static_base__     
00000000  g_pfnVectors           
0000026d  GPIOPadConfigSet       
000003d9  SysCtlClockGet         
000004f1  SysCtlClockSet         
000005e5  LCD_init               
00000665  main                   
000006b9  SysCtlPeripheralReady  
000006f1  SysCtlPeripheralEnable 
00000725  GPIODirModeSet         
00000751  _c_int00_noinit_noargs 
0000077d  LCD_pulseEnable        
000007a5  LCD_command            
000007cb  LCD_data               
000007f1  LCD_setCursor          
00000800  __STACK_SIZE           
00000811  delay_us               
0000082d  GPIOPinTypeGPIOOutput  
00000847  ADCSeq0Handler         
00000849  LCD_write4bits         
00000861  delay_ms               
00000879  LCD_print              
0000088d  GPIOPinWrite           
00000893  ResetISR               
00000899  SysCtlDelay            
0000089f  _system_pre_init       
000008a3  C$$EXIT                
000008a3  abort                  
20000000  __stack                
20000000  __start___llvm_prf_cnts
20000000  __stop___llvm_prf_cnts 
20000800  __STACK_END            
20000800  __STACK_TOP            
ffffffff  __TI_pprof_out_hndl    
ffffffff  __TI_prof_data_size    
ffffffff  __TI_prof_data_start   
ffffffff  __binit__              
ffffffff  __c_args__             
ffffffff  binit                  
UNDEFED   __mpu_init             

[40 symbols]
