<?xml version="1.0" encoding="ISO-8859-1" ?>
<link_info>
   <banner>TI ARM Linker Unix v20.2.7.LTS</banner>
   <copyright>Copyright (c) 1996-2018 Texas Instruments Incorporated</copyright>
   <link_time>0x68da6c60</link_time>
   <link_errors>0x0</link_errors>
   <output_file>sr04.out</output_file>
   <entry_point>
      <name>_c_int00_noargs</name>
      <address>0xc75</address>
   </entry_point>
   <input_file_list>
      <input_file id="fl-1">
         <path>./</path>
         <kind>object</kind>
         <file>sr04.obj</file>
         <name>sr04.obj</name>
      </input_file>
      <input_file id="fl-2">
         <path>./</path>
         <kind>object</kind>
         <file>startup_ccs.obj</file>
         <name>startup_ccs.obj</name>
      </input_file>
      <input_file id="fl-3">
         <path>./utils/</path>
         <kind>object</kind>
         <file>uartstdio.obj</file>
         <name>uartstdio.obj</name>
      </input_file>
      <input_file id="fl-8">
         <kind>object</kind>
         <file>&lt;internal&gt;</file>
         <name>&lt;internal&gt;</name>
      </input_file>
      <input_file id="fl-9">
         <path>/home/jithin/ti/TivaWare_C_Series-2.2.0.295/driverlib/ccs/Debug/</path>
         <kind>archive</kind>
         <file>driverlib.lib</file>
         <name>adc.obj</name>
      </input_file>
      <input_file id="fl-a">
         <path>/home/jithin/ti/TivaWare_C_Series-2.2.0.295/driverlib/ccs/Debug/</path>
         <kind>archive</kind>
         <file>driverlib.lib</file>
         <name>gpio.obj</name>
      </input_file>
      <input_file id="fl-b">
         <path>/home/jithin/ti/TivaWare_C_Series-2.2.0.295/driverlib/ccs/Debug/</path>
         <kind>archive</kind>
         <file>driverlib.lib</file>
         <name>interrupt.obj</name>
      </input_file>
      <input_file id="fl-c">
         <path>/home/jithin/ti/TivaWare_C_Series-2.2.0.295/driverlib/ccs/Debug/</path>
         <kind>archive</kind>
         <file>driverlib.lib</file>
         <name>sysctl.obj</name>
      </input_file>
      <input_file id="fl-d">
         <path>/home/jithin/ti/TivaWare_C_Series-2.2.0.295/driverlib/ccs/Debug/</path>
         <kind>archive</kind>
         <file>driverlib.lib</file>
         <name>uart.obj</name>
      </input_file>
      <input_file id="fl-e">
         <path>/home/jithin/ti/TivaWare_C_Series-2.2.0.295/driverlib/ccs/Debug/</path>
         <kind>archive</kind>
         <file>driverlib.lib</file>
         <name>cpu.obj</name>
      </input_file>
      <input_file id="fl-c4">
         <path>/home/jithin/Downloads/ti-cgt-arm_20.2.7.LTS/lib/</path>
         <kind>archive</kind>
         <file>rtsv7M4_T_le_v4SPD16_eabi.lib</file>
         <name>u_divt2.asm.obj</name>
      </input_file>
      <input_file id="fl-c5">
         <path>/home/jithin/Downloads/ti-cgt-arm_20.2.7.LTS/lib/</path>
         <kind>archive</kind>
         <file>rtsv7M4_T_le_v4SPD16_eabi.lib</file>
         <name>copy_zero_init.c.obj</name>
      </input_file>
      <input_file id="fl-c6">
         <path>/home/jithin/Downloads/ti-cgt-arm_20.2.7.LTS/lib/</path>
         <kind>archive</kind>
         <file>rtsv7M4_T_le_v4SPD16_eabi.lib</file>
         <name>copy_decompress_none.c.obj</name>
      </input_file>
      <input_file id="fl-c7">
         <path>/home/jithin/Downloads/ti-cgt-arm_20.2.7.LTS/lib/</path>
         <kind>archive</kind>
         <file>rtsv7M4_T_le_v4SPD16_eabi.lib</file>
         <name>copy_decompress_lzss.c.obj</name>
      </input_file>
      <input_file id="fl-c8">
         <path>/home/jithin/Downloads/ti-cgt-arm_20.2.7.LTS/lib/</path>
         <kind>archive</kind>
         <file>rtsv7M4_T_le_v4SPD16_eabi.lib</file>
         <name>boot_cortex_m.c.obj</name>
      </input_file>
      <input_file id="fl-c9">
         <path>/home/jithin/Downloads/ti-cgt-arm_20.2.7.LTS/lib/</path>
         <kind>archive</kind>
         <file>rtsv7M4_T_le_v4SPD16_eabi.lib</file>
         <name>div0.asm.obj</name>
      </input_file>
      <input_file id="fl-ca">
         <path>/home/jithin/Downloads/ti-cgt-arm_20.2.7.LTS/lib/</path>
         <kind>archive</kind>
         <file>rtsv7M4_T_le_v4SPD16_eabi.lib</file>
         <name>memcpy_t2.asm.obj</name>
      </input_file>
      <input_file id="fl-cb">
         <path>/home/jithin/Downloads/ti-cgt-arm_20.2.7.LTS/lib/</path>
         <kind>archive</kind>
         <file>rtsv7M4_T_le_v4SPD16_eabi.lib</file>
         <name>memset_t2.asm.obj</name>
      </input_file>
      <input_file id="fl-cc">
         <path>/home/jithin/Downloads/ti-cgt-arm_20.2.7.LTS/lib/</path>
         <kind>archive</kind>
         <file>rtsv7M4_T_le_v4SPD16_eabi.lib</file>
         <name>autoinit.c.obj</name>
      </input_file>
      <input_file id="fl-cd">
         <path>/home/jithin/Downloads/ti-cgt-arm_20.2.7.LTS/lib/</path>
         <kind>archive</kind>
         <file>rtsv7M4_T_le_v4SPD16_eabi.lib</file>
         <name>pre_init.c.obj</name>
      </input_file>
      <input_file id="fl-ce">
         <path>/home/jithin/Downloads/ti-cgt-arm_20.2.7.LTS/lib/</path>
         <kind>archive</kind>
         <file>rtsv7M4_T_le_v4SPD16_eabi.lib</file>
         <name>cpy_tbl.c.obj</name>
      </input_file>
      <input_file id="fl-cf">
         <path>/home/jithin/Downloads/ti-cgt-arm_20.2.7.LTS/lib/</path>
         <kind>archive</kind>
         <file>rtsv7M4_T_le_v4SPD16_eabi.lib</file>
         <name>exit.c.obj</name>
      </input_file>
      <input_file id="fl-d0">
         <path>/home/jithin/Downloads/ti-cgt-arm_20.2.7.LTS/lib/</path>
         <kind>archive</kind>
         <file>rtsv7M4_T_le_v4SPD16_eabi.lib</file>
         <name>_lock.c.obj</name>
      </input_file>
      <input_file id="fl-d1">
         <path>/home/jithin/Downloads/ti-cgt-arm_20.2.7.LTS/lib/</path>
         <kind>archive</kind>
         <file>rtsv7M4_T_le_v4SPD16_eabi.lib</file>
         <name>args_main.c.obj</name>
      </input_file>
   </input_file_list>
   <object_component_list>
      <object_component id="oc-13">
         <name>.intvecs</name>
         <load_address>0x0</load_address>
         <run_address>0x0</run_address>
         <size>0x26c</size>
         <input_file_ref idref="fl-2"/>
      </object_component>
      <object_component id="oc-195">
         <name>.text:UARTvprintf</name>
         <load_address>0x26c</load_address>
         <run_address>0x26c</run_address>
         <size>0x1ee</size>
         <input_file_ref idref="fl-3"/>
      </object_component>
      <object_component id="oc-40">
         <name>.text:ADCSeq0Handler</name>
         <load_address>0x45a</load_address>
         <run_address>0x45a</run_address>
         <size>0x2</size>
         <input_file_ref idref="fl-1"/>
      </object_component>
      <object_component id="oc-1a9">
         <name>.text:GPIOPadConfigSet</name>
         <load_address>0x45c</load_address>
         <run_address>0x45c</run_address>
         <size>0x16c</size>
         <input_file_ref idref="fl-a"/>
      </object_component>
      <object_component id="oc-12d">
         <name>.text:SysCtlClockGet</name>
         <load_address>0x5c8</load_address>
         <run_address>0x5c8</run_address>
         <size>0x118</size>
         <input_file_ref idref="fl-c"/>
      </object_component>
      <object_component id="oc-e5">
         <name>.text:SysCtlClockSet</name>
         <load_address>0x6e0</load_address>
         <run_address>0x6e0</run_address>
         <size>0xf4</size>
         <input_file_ref idref="fl-c"/>
      </object_component>
      <object_component id="oc-b8">
         <name>.text:main</name>
         <load_address>0x7d4</load_address>
         <run_address>0x7d4</run_address>
         <size>0xd0</size>
         <input_file_ref idref="fl-1"/>
      </object_component>
      <object_component id="oc-54">
         <name>.text</name>
         <load_address>0x8a4</load_address>
         <run_address>0x8a4</run_address>
         <size>0x9c</size>
         <input_file_ref idref="fl-ca"/>
      </object_component>
      <object_component id="oc-109">
         <name>.text:ADCSequenceStepConfigure</name>
         <load_address>0x940</load_address>
         <run_address>0x940</run_address>
         <size>0x7a</size>
         <input_file_ref idref="fl-9"/>
      </object_component>
      <object_component id="oc-16">
         <name>.text:decompress:lzss:__TI_decompress_lzss</name>
         <load_address>0x9ba</load_address>
         <run_address>0x9ba</run_address>
         <size>0x68</size>
         <input_file_ref idref="fl-c7"/>
      </object_component>
      <object_component id="oc-34">
         <name>.text:FaultISR</name>
         <load_address>0xa22</load_address>
         <run_address>0xa22</run_address>
         <size>0x2</size>
         <input_file_ref idref="fl-2"/>
      </object_component>
      <object_component id="oc-18e">
         <name>.text:UARTStdioConfig</name>
         <load_address>0xa24</load_address>
         <run_address>0xa24</run_address>
         <size>0x60</size>
         <input_file_ref idref="fl-3"/>
      </object_component>
      <object_component id="oc-206">
         <name>.text:UARTwrite</name>
         <load_address>0xa84</load_address>
         <run_address>0xa84</run_address>
         <size>0x50</size>
         <input_file_ref idref="fl-3"/>
      </object_component>
      <object_component id="oc-103">
         <name>.text:ADCSequenceConfigure</name>
         <load_address>0xad4</load_address>
         <run_address>0xad4</run_address>
         <size>0x4e</size>
         <input_file_ref idref="fl-9"/>
      </object_component>
      <object_component id="oc-3a">
         <name>.text:IntDefaultHandler</name>
         <load_address>0xb22</load_address>
         <run_address>0xb22</run_address>
         <size>0x2</size>
         <input_file_ref idref="fl-2"/>
      </object_component>
      <object_component id="oc-eb">
         <name>.text:ConfigureUART</name>
         <load_address>0xb24</load_address>
         <run_address>0xb24</run_address>
         <size>0x4c</size>
         <input_file_ref idref="fl-1"/>
      </object_component>
      <object_component id="oc-17c">
         <name>.text:GPIOPinConfigure</name>
         <load_address>0xb70</load_address>
         <run_address>0xb70</run_address>
         <size>0x4c</size>
         <input_file_ref idref="fl-a"/>
      </object_component>
      <object_component id="oc-141">
         <name>.text:__TI_auto_init_nobinit_nopinit:__TI_auto_init_nobinit_nopinit</name>
         <load_address>0xbbc</load_address>
         <run_address>0xbbc</run_address>
         <size>0x44</size>
         <input_file_ref idref="fl-cc"/>
      </object_component>
      <object_component id="oc-20c">
         <name>.text</name>
         <load_address>0xc00</load_address>
         <run_address>0xc00</run_address>
         <size>0x40</size>
         <input_file_ref idref="fl-c4"/>
      </object_component>
      <object_component id="oc-f7">
         <name>.text:SysCtlPeripheralEnable</name>
         <load_address>0xc40</load_address>
         <run_address>0xc40</run_address>
         <size>0x34</size>
         <input_file_ref idref="fl-c"/>
      </object_component>
      <object_component id="oc-72">
         <name>.text:_c_int00_noargs:_c_int00_noargs</name>
         <load_address>0xc74</load_address>
         <run_address>0xc74</run_address>
         <size>0x34</size>
         <input_file_ref idref="fl-c8"/>
      </object_component>
      <object_component id="oc-121">
         <name>.text:ADCIntStatus</name>
         <load_address>0xca8</load_address>
         <run_address>0xca8</run_address>
         <size>0x2e</size>
         <input_file_ref idref="fl-9"/>
      </object_component>
      <object_component id="oc-1a3">
         <name>.text:GPIODirModeSet</name>
         <load_address>0xcd6</load_address>
         <run_address>0xcd6</run_address>
         <size>0x2c</size>
         <input_file_ref idref="fl-a"/>
      </object_component>
      <object_component id="oc-127">
         <name>.text:ADCSequenceDataGet</name>
         <load_address>0xd02</load_address>
         <run_address>0xd02</run_address>
         <size>0x1e</size>
         <input_file_ref idref="fl-9"/>
      </object_component>
      <object_component id="oc-f1">
         <name>.text:UARTprintf</name>
         <load_address>0xd20</load_address>
         <run_address>0xd20</run_address>
         <size>0x1a</size>
         <input_file_ref idref="fl-3"/>
      </object_component>
      <object_component id="oc-11b">
         <name>.text:ADCProcessorTrigger</name>
         <load_address>0xd3a</load_address>
         <run_address>0xd3a</run_address>
         <size>0x18</size>
         <input_file_ref idref="fl-9"/>
      </object_component>
      <object_component id="oc-fd">
         <name>.text:GPIOPinTypeADC</name>
         <load_address>0xd52</load_address>
         <run_address>0xd52</run_address>
         <size>0x16</size>
         <input_file_ref idref="fl-a"/>
      </object_component>
      <object_component id="oc-182">
         <name>.text:GPIOPinTypeUART</name>
         <load_address>0xd68</load_address>
         <run_address>0xd68</run_address>
         <size>0x16</size>
         <input_file_ref idref="fl-a"/>
      </object_component>
      <object_component id="oc-10f">
         <name>.text:ADCSequenceEnable</name>
         <load_address>0xd7e</load_address>
         <run_address>0xd7e</run_address>
         <size>0xe</size>
         <input_file_ref idref="fl-9"/>
      </object_component>
      <object_component id="oc-1c">
         <name>.text:decompress:none:__TI_decompress_none</name>
         <load_address>0xd8c</load_address>
         <run_address>0xd8c</run_address>
         <size>0xe</size>
         <input_file_ref idref="fl-c6"/>
      </object_component>
      <object_component id="oc-115">
         <name>.text:ADCIntClear</name>
         <load_address>0xd9a</load_address>
         <run_address>0xd9a</run_address>
         <size>0xa</size>
         <input_file_ref idref="fl-9"/>
      </object_component>
      <object_component id="oc-28">
         <name>.text:ResetISR</name>
         <load_address>0xda4</load_address>
         <run_address>0xda4</run_address>
         <size>0x6</size>
         <input_file_ref idref="fl-2"/>
      </object_component>
      <object_component id="oc-133">
         <name>.text:SysCtlDelay</name>
         <load_address>0xdaa</load_address>
         <run_address>0xdaa</run_address>
         <size>0x6</size>
         <input_file_ref idref="fl-c"/>
      </object_component>
      <object_component id="oc-188">
         <name>.text:UARTClockSourceSet</name>
         <load_address>0xdb0</load_address>
         <run_address>0xdb0</run_address>
         <size>0x6</size>
         <input_file_ref idref="fl-d"/>
      </object_component>
      <object_component id="oc-b2">
         <name>.text:_system_pre_init</name>
         <load_address>0xdb6</load_address>
         <run_address>0xdb6</run_address>
         <size>0x4</size>
         <input_file_ref idref="fl-cd"/>
      </object_component>
      <object_component id="oc-135">
         <name>.text:abort:abort</name>
         <load_address>0xdba</load_address>
         <run_address>0xdba</run_address>
         <size>0x4</size>
         <input_file_ref idref="fl-cf"/>
      </object_component>
      <object_component id="oc-2e">
         <name>.text:NmiSR</name>
         <load_address>0xdbe</load_address>
         <run_address>0xdbe</run_address>
         <size>0x2</size>
         <input_file_ref idref="fl-2"/>
      </object_component>
      <object_component id="oc-24a">
         <name>.text</name>
         <load_address>0xdc0</load_address>
         <run_address>0xdc0</run_address>
         <size>0x2</size>
         <input_file_ref idref="fl-c9"/>
      </object_component>
      <object_component id="oc-1f2">
         <name>.const:g_pui32GPIOBaseAddrs</name>
         <load_address>0xdc4</load_address>
         <run_address>0xdc4</run_address>
         <size>0x90</size>
         <input_file_ref idref="fl-a"/>
      </object_component>
      <object_component id="oc-1b9">
         <name>.const:g_pui32Xtals</name>
         <load_address>0xe54</load_address>
         <run_address>0xe54</run_address>
         <size>0x6c</size>
         <input_file_ref idref="fl-c"/>
      </object_component>
      <object_component id="oc-1fc">
         <name>.const:g_ui32UARTBase</name>
         <load_address>0xec0</load_address>
         <run_address>0xec0</run_address>
         <size>0xc</size>
         <input_file_ref idref="fl-3"/>
      </object_component>
      <object_component id="oc-1f9">
         <name>.const:g_ui32UARTPeriph</name>
         <load_address>0xecc</load_address>
         <run_address>0xecc</run_address>
         <size>0xc</size>
         <input_file_ref idref="fl-3"/>
      </object_component>
      <object_component id="oc-28d">
         <name>__TI_handler_table</name>
         <load_address>0xed8</load_address>
         <run_address>0xed8</run_address>
         <size>0x8</size>
      </object_component>
      <object_component id="oc-28f">
         <name>.cinit..data.load</name>
         <load_address>0xee0</load_address>
         <run_address>0xee0</run_address>
         <size>0x7</size>
      </object_component>
      <object_component id="oc-28e">
         <name>__TI_cinit_table</name>
         <load_address>0xee8</load_address>
         <run_address>0xee8</run_address>
         <size>0x8</size>
      </object_component>
      <object_component id="oc-1ff">
         <name>.data</name>
         <load_address>0x20000800</load_address>
         <run_address>0x20000800</run_address>
         <size>0x5</size>
         <input_file_ref idref="fl-3"/>
      </object_component>
      <object_component id="oc-25">
         <name>.stack</name>
         <uninitialized>true</uninitialized>
         <run_address>0x20000000</run_address>
         <size>0x4</size>
         <input_file_ref idref="fl-c8"/>
      </object_component>
      <object_component id="oc-291">
         <name>.stack</name>
         <uninitialized>true</uninitialized>
         <run_address>0x20000000</run_address>
         <size>0x0</size>
      </object_component>
      <object_component id="oc-d4">
         <name>.debug_info</name>
         <load_address>0x0</load_address>
         <run_address>0x0</run_address>
         <size>0x658</size>
         <input_file_ref idref="fl-1"/>
      </object_component>
      <object_component id="oc-ec">
         <name>.debug_info</name>
         <load_address>0x658</load_address>
         <run_address>0x658</run_address>
         <size>0x1e9</size>
         <input_file_ref idref="fl-1"/>
      </object_component>
      <object_component id="oc-b9">
         <name>.debug_info</name>
         <load_address>0x841</load_address>
         <run_address>0x841</run_address>
         <size>0x2bf</size>
         <input_file_ref idref="fl-1"/>
      </object_component>
      <object_component id="oc-41">
         <name>.debug_info</name>
         <load_address>0xb00</load_address>
         <run_address>0xb00</run_address>
         <size>0x13e</size>
         <input_file_ref idref="fl-1"/>
      </object_component>
      <object_component id="oc-8d">
         <name>.debug_info</name>
         <load_address>0xc3e</load_address>
         <run_address>0xc3e</run_address>
         <size>0x26b</size>
         <input_file_ref idref="fl-1"/>
      </object_component>
      <object_component id="oc-cf">
         <name>.debug_info</name>
         <load_address>0xea9</load_address>
         <run_address>0xea9</run_address>
         <size>0x8b</size>
         <input_file_ref idref="fl-1"/>
      </object_component>
      <object_component id="oc-ca">
         <name>.debug_info</name>
         <load_address>0xf34</load_address>
         <run_address>0xf34</run_address>
         <size>0x2a4</size>
         <input_file_ref idref="fl-1"/>
      </object_component>
      <object_component id="oc-92">
         <name>.debug_info</name>
         <load_address>0x11d8</load_address>
         <run_address>0x11d8</run_address>
         <size>0xbb</size>
         <input_file_ref idref="fl-1"/>
      </object_component>
      <object_component id="oc-19d">
         <name>.debug_info</name>
         <load_address>0x1293</load_address>
         <run_address>0x1293</run_address>
         <size>0x2c</size>
         <input_file_ref idref="fl-1"/>
      </object_component>
      <object_component id="oc-48">
         <name>.debug_info</name>
         <load_address>0x12bf</load_address>
         <run_address>0x12bf</run_address>
         <size>0x2fc</size>
         <input_file_ref idref="fl-2"/>
      </object_component>
      <object_component id="oc-14">
         <name>.debug_info</name>
         <load_address>0x15bb</load_address>
         <run_address>0x15bb</run_address>
         <size>0x117</size>
         <input_file_ref idref="fl-2"/>
      </object_component>
      <object_component id="oc-29">
         <name>.debug_info</name>
         <load_address>0x16d2</load_address>
         <run_address>0x16d2</run_address>
         <size>0x147</size>
         <input_file_ref idref="fl-2"/>
      </object_component>
      <object_component id="oc-2f">
         <name>.debug_info</name>
         <load_address>0x1819</load_address>
         <run_address>0x1819</run_address>
         <size>0x138</size>
         <input_file_ref idref="fl-2"/>
      </object_component>
      <object_component id="oc-3b">
         <name>.debug_info</name>
         <load_address>0x1951</load_address>
         <run_address>0x1951</run_address>
         <size>0x150</size>
         <input_file_ref idref="fl-2"/>
      </object_component>
      <object_component id="oc-35">
         <name>.debug_info</name>
         <load_address>0x1aa1</load_address>
         <run_address>0x1aa1</run_address>
         <size>0x13e</size>
         <input_file_ref idref="fl-2"/>
      </object_component>
      <object_component id="oc-4f">
         <name>.debug_info</name>
         <load_address>0x1bdf</load_address>
         <run_address>0x1bdf</run_address>
         <size>0x84</size>
         <input_file_ref idref="fl-2"/>
      </object_component>
      <object_component id="oc-19c">
         <name>.debug_info</name>
         <load_address>0x1c63</load_address>
         <run_address>0x1c63</run_address>
         <size>0x2fe</size>
         <input_file_ref idref="fl-3"/>
      </object_component>
      <object_component id="oc-200">
         <name>.debug_info</name>
         <load_address>0x1f61</load_address>
         <run_address>0x1f61</run_address>
         <size>0x13f</size>
         <input_file_ref idref="fl-3"/>
      </object_component>
      <object_component id="oc-1fd">
         <name>.debug_info</name>
         <load_address>0x20a0</load_address>
         <run_address>0x20a0</run_address>
         <size>0x147</size>
         <input_file_ref idref="fl-3"/>
      </object_component>
      <object_component id="oc-1fa">
         <name>.debug_info</name>
         <load_address>0x21e7</load_address>
         <run_address>0x21e7</run_address>
         <size>0x14b</size>
         <input_file_ref idref="fl-3"/>
      </object_component>
      <object_component id="oc-207">
         <name>.debug_info</name>
         <load_address>0x2332</load_address>
         <run_address>0x2332</run_address>
         <size>0x24a</size>
         <input_file_ref idref="fl-3"/>
      </object_component>
      <object_component id="oc-196">
         <name>.debug_info</name>
         <load_address>0x257c</load_address>
         <run_address>0x257c</run_address>
         <size>0x37c</size>
         <input_file_ref idref="fl-3"/>
      </object_component>
      <object_component id="oc-f2">
         <name>.debug_info</name>
         <load_address>0x28f8</load_address>
         <run_address>0x28f8</run_address>
         <size>0x217</size>
         <input_file_ref idref="fl-3"/>
      </object_component>
      <object_component id="oc-202">
         <name>.debug_info</name>
         <load_address>0x2b0f</load_address>
         <run_address>0x2b0f</run_address>
         <size>0x295</size>
         <input_file_ref idref="fl-3"/>
      </object_component>
      <object_component id="oc-18f">
         <name>.debug_info</name>
         <load_address>0x2da4</load_address>
         <run_address>0x2da4</run_address>
         <size>0x2ad</size>
         <input_file_ref idref="fl-3"/>
      </object_component>
      <object_component id="oc-1b2">
         <name>.debug_info</name>
         <load_address>0x3051</load_address>
         <run_address>0x3051</run_address>
         <size>0x3ba</size>
         <input_file_ref idref="fl-9"/>
      </object_component>
      <object_component id="oc-10a">
         <name>.debug_info</name>
         <load_address>0x340b</load_address>
         <run_address>0x340b</run_address>
         <size>0x33c</size>
         <input_file_ref idref="fl-9"/>
      </object_component>
      <object_component id="oc-110">
         <name>.debug_info</name>
         <load_address>0x3747</load_address>
         <run_address>0x3747</run_address>
         <size>0x2a9</size>
         <input_file_ref idref="fl-9"/>
      </object_component>
      <object_component id="oc-128">
         <name>.debug_info</name>
         <load_address>0x39f0</load_address>
         <run_address>0x39f0</run_address>
         <size>0x308</size>
         <input_file_ref idref="fl-9"/>
      </object_component>
      <object_component id="oc-104">
         <name>.debug_info</name>
         <load_address>0x3cf8</load_address>
         <run_address>0x3cf8</run_address>
         <size>0x32f</size>
         <input_file_ref idref="fl-9"/>
      </object_component>
      <object_component id="oc-11c">
         <name>.debug_info</name>
         <load_address>0x4027</load_address>
         <run_address>0x4027</run_address>
         <size>0x2ad</size>
         <input_file_ref idref="fl-9"/>
      </object_component>
      <object_component id="oc-122">
         <name>.debug_info</name>
         <load_address>0x42d4</load_address>
         <run_address>0x42d4</run_address>
         <size>0x2f0</size>
         <input_file_ref idref="fl-9"/>
      </object_component>
      <object_component id="oc-116">
         <name>.debug_info</name>
         <load_address>0x45c4</load_address>
         <run_address>0x45c4</run_address>
         <size>0x29d</size>
         <input_file_ref idref="fl-9"/>
      </object_component>
      <object_component id="oc-1ed">
         <name>.debug_info</name>
         <load_address>0x4861</load_address>
         <run_address>0x4861</run_address>
         <size>0x26b</size>
         <input_file_ref idref="fl-9"/>
      </object_component>
      <object_component id="oc-1dd">
         <name>.debug_info</name>
         <load_address>0x4acc</load_address>
         <run_address>0x4acc</run_address>
         <size>0x297</size>
         <input_file_ref idref="fl-9"/>
      </object_component>
      <object_component id="oc-1e8">
         <name>.debug_info</name>
         <load_address>0x4d63</load_address>
         <run_address>0x4d63</run_address>
         <size>0xef</size>
         <input_file_ref idref="fl-9"/>
      </object_component>
      <object_component id="oc-176">
         <name>.debug_info</name>
         <load_address>0x4e52</load_address>
         <run_address>0x4e52</run_address>
         <size>0xbb</size>
         <input_file_ref idref="fl-9"/>
      </object_component>
      <object_component id="oc-1b0">
         <name>.debug_info</name>
         <load_address>0x4f0d</load_address>
         <run_address>0x4f0d</run_address>
         <size>0x3e4</size>
         <input_file_ref idref="fl-a"/>
      </object_component>
      <object_component id="oc-1f3">
         <name>.debug_info</name>
         <load_address>0x52f1</load_address>
         <run_address>0x52f1</run_address>
         <size>0x164</size>
         <input_file_ref idref="fl-a"/>
      </object_component>
      <object_component id="oc-1a4">
         <name>.debug_info</name>
         <load_address>0x5455</load_address>
         <run_address>0x5455</run_address>
         <size>0x2bc</size>
         <input_file_ref idref="fl-a"/>
      </object_component>
      <object_component id="oc-1aa">
         <name>.debug_info</name>
         <load_address>0x5711</load_address>
         <run_address>0x5711</run_address>
         <size>0x31f</size>
         <input_file_ref idref="fl-a"/>
      </object_component>
      <object_component id="oc-183">
         <name>.debug_info</name>
         <load_address>0x5a30</load_address>
         <run_address>0x5a30</run_address>
         <size>0x29b</size>
         <input_file_ref idref="fl-a"/>
      </object_component>
      <object_component id="oc-fe">
         <name>.debug_info</name>
         <load_address>0x5ccb</load_address>
         <run_address>0x5ccb</run_address>
         <size>0x299</size>
         <input_file_ref idref="fl-a"/>
      </object_component>
      <object_component id="oc-17d">
         <name>.debug_info</name>
         <load_address>0x5f64</load_address>
         <run_address>0x5f64</run_address>
         <size>0x289</size>
         <input_file_ref idref="fl-a"/>
      </object_component>
      <object_component id="oc-17b">
         <name>.debug_info</name>
         <load_address>0x61ed</load_address>
         <run_address>0x61ed</run_address>
         <size>0x441</size>
         <input_file_ref idref="fl-c"/>
      </object_component>
      <object_component id="oc-1ba">
         <name>.debug_info</name>
         <load_address>0x662e</load_address>
         <run_address>0x662e</run_address>
         <size>0x156</size>
         <input_file_ref idref="fl-c"/>
      </object_component>
      <object_component id="oc-f8">
         <name>.debug_info</name>
         <load_address>0x6784</load_address>
         <run_address>0x6784</run_address>
         <size>0x286</size>
         <input_file_ref idref="fl-c"/>
      </object_component>
      <object_component id="oc-e6">
         <name>.debug_info</name>
         <load_address>0x6a0a</load_address>
         <run_address>0x6a0a</run_address>
         <size>0x2e4</size>
         <input_file_ref idref="fl-c"/>
      </object_component>
      <object_component id="oc-12e">
         <name>.debug_info</name>
         <load_address>0x6cee</load_address>
         <run_address>0x6cee</run_address>
         <size>0x2be</size>
         <input_file_ref idref="fl-c"/>
      </object_component>
      <object_component id="oc-1e4">
         <name>.debug_info</name>
         <load_address>0x6fac</load_address>
         <run_address>0x6fac</run_address>
         <size>0x51</size>
         <input_file_ref idref="fl-c"/>
      </object_component>
      <object_component id="oc-1f8">
         <name>.debug_info</name>
         <load_address>0x6ffd</load_address>
         <run_address>0x6ffd</run_address>
         <size>0x3cb</size>
         <input_file_ref idref="fl-d"/>
      </object_component>
      <object_component id="oc-189">
         <name>.debug_info</name>
         <load_address>0x73c8</load_address>
         <run_address>0x73c8</run_address>
         <size>0x29a</size>
         <input_file_ref idref="fl-d"/>
      </object_component>
      <object_component id="oc-20e">
         <name>.debug_info</name>
         <load_address>0x7662</load_address>
         <run_address>0x7662</run_address>
         <size>0x142</size>
         <input_file_ref idref="fl-c4"/>
      </object_component>
      <object_component id="oc-5f">
         <name>.debug_info</name>
         <load_address>0x77a4</load_address>
         <run_address>0x77a4</run_address>
         <size>0x2a8</size>
         <input_file_ref idref="fl-c6"/>
      </object_component>
      <object_component id="oc-1d">
         <name>.debug_info</name>
         <load_address>0x7a4c</load_address>
         <run_address>0x7a4c</run_address>
         <size>0x1ea</size>
         <input_file_ref idref="fl-c6"/>
      </object_component>
      <object_component id="oc-5a">
         <name>.debug_info</name>
         <load_address>0x7c36</load_address>
         <run_address>0x7c36</run_address>
         <size>0x46</size>
         <input_file_ref idref="fl-c6"/>
      </object_component>
      <object_component id="oc-9e">
         <name>.debug_info</name>
         <load_address>0x7c7c</load_address>
         <run_address>0x7c7c</run_address>
         <size>0x2c</size>
         <input_file_ref idref="fl-c6"/>
      </object_component>
      <object_component id="oc-9c">
         <name>.debug_info</name>
         <load_address>0x7ca8</load_address>
         <run_address>0x7ca8</run_address>
         <size>0x29e</size>
         <input_file_ref idref="fl-c7"/>
      </object_component>
      <object_component id="oc-17">
         <name>.debug_info</name>
         <load_address>0x7f46</load_address>
         <run_address>0x7f46</run_address>
         <size>0x250</size>
         <input_file_ref idref="fl-c7"/>
      </object_component>
      <object_component id="oc-4a">
         <name>.debug_info</name>
         <load_address>0x8196</load_address>
         <run_address>0x8196</run_address>
         <size>0x60</size>
         <input_file_ref idref="fl-c7"/>
      </object_component>
      <object_component id="oc-d5">
         <name>.debug_info</name>
         <load_address>0x81f6</load_address>
         <run_address>0x81f6</run_address>
         <size>0x46</size>
         <input_file_ref idref="fl-c7"/>
      </object_component>
      <object_component id="oc-97">
         <name>.debug_info</name>
         <load_address>0x823c</load_address>
         <run_address>0x823c</run_address>
         <size>0x39</size>
         <input_file_ref idref="fl-c7"/>
      </object_component>
      <object_component id="oc-26">
         <name>.debug_info</name>
         <load_address>0x8275</load_address>
         <run_address>0x8275</run_address>
         <size>0x10b</size>
         <input_file_ref idref="fl-c8"/>
      </object_component>
      <object_component id="oc-73">
         <name>.debug_info</name>
         <load_address>0x8380</load_address>
         <run_address>0x8380</run_address>
         <size>0x1a9</size>
         <input_file_ref idref="fl-c8"/>
      </object_component>
      <object_component id="oc-24b">
         <name>.debug_info</name>
         <load_address>0x8529</load_address>
         <run_address>0x8529</run_address>
         <size>0x115</size>
         <input_file_ref idref="fl-c9"/>
      </object_component>
      <object_component id="oc-55">
         <name>.debug_info</name>
         <load_address>0x863e</load_address>
         <run_address>0x863e</run_address>
         <size>0x119</size>
         <input_file_ref idref="fl-ca"/>
      </object_component>
      <object_component id="oc-1c8">
         <name>.debug_info</name>
         <load_address>0x8757</load_address>
         <run_address>0x8757</run_address>
         <size>0x4b3</size>
         <input_file_ref idref="fl-cc"/>
      </object_component>
      <object_component id="oc-142">
         <name>.debug_info</name>
         <load_address>0x8c0a</load_address>
         <run_address>0x8c0a</run_address>
         <size>0x1a6</size>
         <input_file_ref idref="fl-cc"/>
      </object_component>
      <object_component id="oc-22c">
         <name>.debug_info</name>
         <load_address>0x8db0</load_address>
         <run_address>0x8db0</run_address>
         <size>0x39</size>
         <input_file_ref idref="fl-cc"/>
      </object_component>
      <object_component id="oc-253">
         <name>.debug_info</name>
         <load_address>0x8de9</load_address>
         <run_address>0x8de9</run_address>
         <size>0x39</size>
         <input_file_ref idref="fl-cc"/>
      </object_component>
      <object_component id="oc-231">
         <name>.debug_info</name>
         <load_address>0x8e22</load_address>
         <run_address>0x8e22</run_address>
         <size>0x39</size>
         <input_file_ref idref="fl-cc"/>
      </object_component>
      <object_component id="oc-236">
         <name>.debug_info</name>
         <load_address>0x8e5b</load_address>
         <run_address>0x8e5b</run_address>
         <size>0xcd</size>
         <input_file_ref idref="fl-cc"/>
      </object_component>
      <object_component id="oc-b3">
         <name>.debug_info</name>
         <load_address>0x8f28</load_address>
         <run_address>0x8f28</run_address>
         <size>0x153</size>
         <input_file_ref idref="fl-cd"/>
      </object_component>
      <object_component id="oc-136">
         <name>.debug_info</name>
         <load_address>0x907b</load_address>
         <run_address>0x907b</run_address>
         <size>0x122</size>
         <input_file_ref idref="fl-cf"/>
      </object_component>
      <object_component id="oc-292">
         <name>.debug_info</name>
         <load_address>0x919d</load_address>
         <run_address>0x919d</run_address>
         <size>0xd7</size>
      </object_component>
      <object_component id="oc-174">
         <name>.debug_line</name>
         <load_address>0x0</load_address>
         <run_address>0x0</run_address>
         <size>0x162</size>
         <input_file_ref idref="fl-1"/>
      </object_component>
      <object_component id="oc-ef">
         <name>.debug_line</name>
         <load_address>0x162</load_address>
         <run_address>0x162</run_address>
         <size>0x45</size>
         <input_file_ref idref="fl-1"/>
      </object_component>
      <object_component id="oc-bc">
         <name>.debug_line</name>
         <load_address>0x1a7</load_address>
         <run_address>0x1a7</run_address>
         <size>0x63</size>
         <input_file_ref idref="fl-1"/>
      </object_component>
      <object_component id="oc-44">
         <name>.debug_line</name>
         <load_address>0x20a</load_address>
         <run_address>0x20a</run_address>
         <size>0x3c</size>
         <input_file_ref idref="fl-1"/>
      </object_component>
      <object_component id="oc-90">
         <name>.debug_line</name>
         <load_address>0x246</load_address>
         <run_address>0x246</run_address>
         <size>0x65</size>
         <input_file_ref idref="fl-1"/>
      </object_component>
      <object_component id="oc-d2">
         <name>.debug_line</name>
         <load_address>0x2ab</load_address>
         <run_address>0x2ab</run_address>
         <size>0x20</size>
         <input_file_ref idref="fl-1"/>
      </object_component>
      <object_component id="oc-cd">
         <name>.debug_line</name>
         <load_address>0x2cb</load_address>
         <run_address>0x2cb</run_address>
         <size>0x69</size>
         <input_file_ref idref="fl-1"/>
      </object_component>
      <object_component id="oc-95">
         <name>.debug_line</name>
         <load_address>0x334</load_address>
         <run_address>0x334</run_address>
         <size>0x66</size>
         <input_file_ref idref="fl-1"/>
      </object_component>
      <object_component id="oc-1a0">
         <name>.debug_line</name>
         <load_address>0x39a</load_address>
         <run_address>0x39a</run_address>
         <size>0x61</size>
         <input_file_ref idref="fl-1"/>
      </object_component>
      <object_component id="oc-8c">
         <name>.debug_line</name>
         <load_address>0x3fb</load_address>
         <run_address>0x3fb</run_address>
         <size>0x34</size>
         <input_file_ref idref="fl-2"/>
      </object_component>
      <object_component id="oc-47">
         <name>.debug_line</name>
         <load_address>0x42f</load_address>
         <run_address>0x42f</run_address>
         <size>0x34</size>
         <input_file_ref idref="fl-2"/>
      </object_component>
      <object_component id="oc-2c">
         <name>.debug_line</name>
         <load_address>0x463</load_address>
         <run_address>0x463</run_address>
         <size>0x46</size>
         <input_file_ref idref="fl-2"/>
      </object_component>
      <object_component id="oc-32">
         <name>.debug_line</name>
         <load_address>0x4a9</load_address>
         <run_address>0x4a9</run_address>
         <size>0x49</size>
         <input_file_ref idref="fl-2"/>
      </object_component>
      <object_component id="oc-3e">
         <name>.debug_line</name>
         <load_address>0x4f2</load_address>
         <run_address>0x4f2</run_address>
         <size>0x49</size>
         <input_file_ref idref="fl-2"/>
      </object_component>
      <object_component id="oc-38">
         <name>.debug_line</name>
         <load_address>0x53b</load_address>
         <run_address>0x53b</run_address>
         <size>0x49</size>
         <input_file_ref idref="fl-2"/>
      </object_component>
      <object_component id="oc-52">
         <name>.debug_line</name>
         <load_address>0x584</load_address>
         <run_address>0x584</run_address>
         <size>0x20</size>
         <input_file_ref idref="fl-2"/>
      </object_component>
      <object_component id="oc-213">
         <name>.debug_line</name>
         <load_address>0x5a4</load_address>
         <run_address>0x5a4</run_address>
         <size>0x20</size>
         <input_file_ref idref="fl-3"/>
      </object_component>
      <object_component id="oc-246">
         <name>.debug_line</name>
         <load_address>0x5c4</load_address>
         <run_address>0x5c4</run_address>
         <size>0x61</size>
         <input_file_ref idref="fl-3"/>
      </object_component>
      <object_component id="oc-244">
         <name>.debug_line</name>
         <load_address>0x625</load_address>
         <run_address>0x625</run_address>
         <size>0x61</size>
         <input_file_ref idref="fl-3"/>
      </object_component>
      <object_component id="oc-242">
         <name>.debug_line</name>
         <load_address>0x686</load_address>
         <run_address>0x686</run_address>
         <size>0x61</size>
         <input_file_ref idref="fl-3"/>
      </object_component>
      <object_component id="oc-20a">
         <name>.debug_line</name>
         <load_address>0x6e7</load_address>
         <run_address>0x6e7</run_address>
         <size>0x9f</size>
         <input_file_ref idref="fl-3"/>
      </object_component>
      <object_component id="oc-199">
         <name>.debug_line</name>
         <load_address>0x786</load_address>
         <run_address>0x786</run_address>
         <size>0x18f</size>
         <input_file_ref idref="fl-3"/>
      </object_component>
      <object_component id="oc-f5">
         <name>.debug_line</name>
         <load_address>0x915</load_address>
         <run_address>0x915</run_address>
         <size>0x78</size>
         <input_file_ref idref="fl-3"/>
      </object_component>
      <object_component id="oc-248">
         <name>.debug_line</name>
         <load_address>0x98d</load_address>
         <run_address>0x98d</run_address>
         <size>0xbc</size>
         <input_file_ref idref="fl-3"/>
      </object_component>
      <object_component id="oc-192">
         <name>.debug_line</name>
         <load_address>0xa49</load_address>
         <run_address>0xa49</run_address>
         <size>0x82</size>
         <input_file_ref idref="fl-3"/>
      </object_component>
      <object_component id="oc-219">
         <name>.debug_line</name>
         <load_address>0xacb</load_address>
         <run_address>0xacb</run_address>
         <size>0x82</size>
         <input_file_ref idref="fl-9"/>
      </object_component>
      <object_component id="oc-10d">
         <name>.debug_line</name>
         <load_address>0xb4d</load_address>
         <run_address>0xb4d</run_address>
         <size>0xa7</size>
         <input_file_ref idref="fl-9"/>
      </object_component>
      <object_component id="oc-113">
         <name>.debug_line</name>
         <load_address>0xbf4</load_address>
         <run_address>0xbf4</run_address>
         <size>0x91</size>
         <input_file_ref idref="fl-9"/>
      </object_component>
      <object_component id="oc-12b">
         <name>.debug_line</name>
         <load_address>0xc85</load_address>
         <run_address>0xc85</run_address>
         <size>0x9c</size>
         <input_file_ref idref="fl-9"/>
      </object_component>
      <object_component id="oc-107">
         <name>.debug_line</name>
         <load_address>0xd21</load_address>
         <run_address>0xd21</run_address>
         <size>0xa4</size>
         <input_file_ref idref="fl-9"/>
      </object_component>
      <object_component id="oc-11f">
         <name>.debug_line</name>
         <load_address>0xdc5</load_address>
         <run_address>0xdc5</run_address>
         <size>0x91</size>
         <input_file_ref idref="fl-9"/>
      </object_component>
      <object_component id="oc-125">
         <name>.debug_line</name>
         <load_address>0xe56</load_address>
         <run_address>0xe56</run_address>
         <size>0x9b</size>
         <input_file_ref idref="fl-9"/>
      </object_component>
      <object_component id="oc-119">
         <name>.debug_line</name>
         <load_address>0xef1</load_address>
         <run_address>0xef1</run_address>
         <size>0x91</size>
         <input_file_ref idref="fl-9"/>
      </object_component>
      <object_component id="oc-1f0">
         <name>.debug_line</name>
         <load_address>0xf82</load_address>
         <run_address>0xf82</run_address>
         <size>0x71</size>
         <input_file_ref idref="fl-9"/>
      </object_component>
      <object_component id="oc-1e0">
         <name>.debug_line</name>
         <load_address>0xff3</load_address>
         <run_address>0xff3</run_address>
         <size>0x75</size>
         <input_file_ref idref="fl-9"/>
      </object_component>
      <object_component id="oc-1eb">
         <name>.debug_line</name>
         <load_address>0x1068</load_address>
         <run_address>0x1068</run_address>
         <size>0x71</size>
         <input_file_ref idref="fl-9"/>
      </object_component>
      <object_component id="oc-179">
         <name>.debug_line</name>
         <load_address>0x10d9</load_address>
         <run_address>0x10d9</run_address>
         <size>0x72</size>
         <input_file_ref idref="fl-9"/>
      </object_component>
      <object_component id="oc-217">
         <name>.debug_line</name>
         <load_address>0x114b</load_address>
         <run_address>0x114b</run_address>
         <size>0x82</size>
         <input_file_ref idref="fl-a"/>
      </object_component>
      <object_component id="oc-23e">
         <name>.debug_line</name>
         <load_address>0x11cd</load_address>
         <run_address>0x11cd</run_address>
         <size>0x7d</size>
         <input_file_ref idref="fl-a"/>
      </object_component>
      <object_component id="oc-1a7">
         <name>.debug_line</name>
         <load_address>0x124a</load_address>
         <run_address>0x124a</run_address>
         <size>0x95</size>
         <input_file_ref idref="fl-a"/>
      </object_component>
      <object_component id="oc-1ad">
         <name>.debug_line</name>
         <load_address>0x12df</load_address>
         <run_address>0x12df</run_address>
         <size>0xc4</size>
         <input_file_ref idref="fl-a"/>
      </object_component>
      <object_component id="oc-186">
         <name>.debug_line</name>
         <load_address>0x13a3</load_address>
         <run_address>0x13a3</run_address>
         <size>0x99</size>
         <input_file_ref idref="fl-a"/>
      </object_component>
      <object_component id="oc-101">
         <name>.debug_line</name>
         <load_address>0x143c</load_address>
         <run_address>0x143c</run_address>
         <size>0x99</size>
         <input_file_ref idref="fl-a"/>
      </object_component>
      <object_component id="oc-180">
         <name>.debug_line</name>
         <load_address>0x14d5</load_address>
         <run_address>0x14d5</run_address>
         <size>0xa7</size>
         <input_file_ref idref="fl-a"/>
      </object_component>
      <object_component id="oc-1e3">
         <name>.debug_line</name>
         <load_address>0x157c</load_address>
         <run_address>0x157c</run_address>
         <size>0x13d</size>
         <input_file_ref idref="fl-c"/>
      </object_component>
      <object_component id="oc-21b">
         <name>.debug_line</name>
         <load_address>0x16b9</load_address>
         <run_address>0x16b9</run_address>
         <size>0x7f</size>
         <input_file_ref idref="fl-c"/>
      </object_component>
      <object_component id="oc-fb">
         <name>.debug_line</name>
         <load_address>0x1738</load_address>
         <run_address>0x1738</run_address>
         <size>0x94</size>
         <input_file_ref idref="fl-c"/>
      </object_component>
      <object_component id="oc-e9">
         <name>.debug_line</name>
         <load_address>0x17cc</load_address>
         <run_address>0x17cc</run_address>
         <size>0xee</size>
         <input_file_ref idref="fl-c"/>
      </object_component>
      <object_component id="oc-131">
         <name>.debug_line</name>
         <load_address>0x18ba</load_address>
         <run_address>0x18ba</run_address>
         <size>0x118</size>
         <input_file_ref idref="fl-c"/>
      </object_component>
      <object_component id="oc-1e6">
         <name>.debug_line</name>
         <load_address>0x19d2</load_address>
         <run_address>0x19d2</run_address>
         <size>0x7f</size>
         <input_file_ref idref="fl-c"/>
      </object_component>
      <object_component id="oc-240">
         <name>.debug_line</name>
         <load_address>0x1a51</load_address>
         <run_address>0x1a51</run_address>
         <size>0x82</size>
         <input_file_ref idref="fl-d"/>
      </object_component>
      <object_component id="oc-18c">
         <name>.debug_line</name>
         <load_address>0x1ad3</load_address>
         <run_address>0x1ad3</run_address>
         <size>0x92</size>
         <input_file_ref idref="fl-d"/>
      </object_component>
      <object_component id="oc-210">
         <name>.debug_line</name>
         <load_address>0x1b65</load_address>
         <run_address>0x1b65</run_address>
         <size>0x5b</size>
         <input_file_ref idref="fl-c4"/>
      </object_component>
      <object_component id="oc-a4">
         <name>.debug_line</name>
         <load_address>0x1bc0</load_address>
         <run_address>0x1bc0</run_address>
         <size>0x20</size>
         <input_file_ref idref="fl-c6"/>
      </object_component>
      <object_component id="oc-20">
         <name>.debug_line</name>
         <load_address>0x1be0</load_address>
         <run_address>0x1be0</run_address>
         <size>0x55</size>
         <input_file_ref idref="fl-c6"/>
      </object_component>
      <object_component id="oc-5d">
         <name>.debug_line</name>
         <load_address>0x1c35</load_address>
         <run_address>0x1c35</run_address>
         <size>0x3a</size>
         <input_file_ref idref="fl-c6"/>
      </object_component>
      <object_component id="oc-a1">
         <name>.debug_line</name>
         <load_address>0x1c6f</load_address>
         <run_address>0x1c6f</run_address>
         <size>0x92</size>
         <input_file_ref idref="fl-c6"/>
      </object_component>
      <object_component id="oc-db">
         <name>.debug_line</name>
         <load_address>0x1d01</load_address>
         <run_address>0x1d01</run_address>
         <size>0x20</size>
         <input_file_ref idref="fl-c7"/>
      </object_component>
      <object_component id="oc-1a">
         <name>.debug_line</name>
         <load_address>0x1d21</load_address>
         <run_address>0x1d21</run_address>
         <size>0xa9</size>
         <input_file_ref idref="fl-c7"/>
      </object_component>
      <object_component id="oc-4d">
         <name>.debug_line</name>
         <load_address>0x1dca</load_address>
         <run_address>0x1dca</run_address>
         <size>0x3a</size>
         <input_file_ref idref="fl-c7"/>
      </object_component>
      <object_component id="oc-d8">
         <name>.debug_line</name>
         <load_address>0x1e04</load_address>
         <run_address>0x1e04</run_address>
         <size>0x9a</size>
         <input_file_ref idref="fl-c7"/>
      </object_component>
      <object_component id="oc-9a">
         <name>.debug_line</name>
         <load_address>0x1e9e</load_address>
         <run_address>0x1e9e</run_address>
         <size>0x96</size>
         <input_file_ref idref="fl-c7"/>
      </object_component>
      <object_component id="oc-85">
         <name>.debug_line</name>
         <load_address>0x1f34</load_address>
         <run_address>0x1f34</run_address>
         <size>0x33</size>
         <input_file_ref idref="fl-c8"/>
      </object_component>
      <object_component id="oc-76">
         <name>.debug_line</name>
         <load_address>0x1f67</load_address>
         <run_address>0x1f67</run_address>
         <size>0x45</size>
         <input_file_ref idref="fl-c8"/>
      </object_component>
      <object_component id="oc-24e">
         <name>.debug_line</name>
         <load_address>0x1fac</load_address>
         <run_address>0x1fac</run_address>
         <size>0x37</size>
         <input_file_ref idref="fl-c9"/>
      </object_component>
      <object_component id="oc-58">
         <name>.debug_line</name>
         <load_address>0x1fe3</load_address>
         <run_address>0x1fe3</run_address>
         <size>0x88</size>
         <input_file_ref idref="fl-ca"/>
      </object_component>
      <object_component id="oc-22b">
         <name>.debug_line</name>
         <load_address>0x206b</load_address>
         <run_address>0x206b</run_address>
         <size>0xbf</size>
         <input_file_ref idref="fl-cc"/>
      </object_component>
      <object_component id="oc-145">
         <name>.debug_line</name>
         <load_address>0x212a</load_address>
         <run_address>0x212a</run_address>
         <size>0x6f</size>
         <input_file_ref idref="fl-cc"/>
      </object_component>
      <object_component id="oc-22f">
         <name>.debug_line</name>
         <load_address>0x2199</load_address>
         <run_address>0x2199</run_address>
         <size>0x2e</size>
         <input_file_ref idref="fl-cc"/>
      </object_component>
      <object_component id="oc-256">
         <name>.debug_line</name>
         <load_address>0x21c7</load_address>
         <run_address>0x21c7</run_address>
         <size>0x9a</size>
         <input_file_ref idref="fl-cc"/>
      </object_component>
      <object_component id="oc-234">
         <name>.debug_line</name>
         <load_address>0x2261</load_address>
         <run_address>0x2261</run_address>
         <size>0x97</size>
         <input_file_ref idref="fl-cc"/>
      </object_component>
      <object_component id="oc-239">
         <name>.debug_line</name>
         <load_address>0x22f8</load_address>
         <run_address>0x22f8</run_address>
         <size>0x93</size>
         <input_file_ref idref="fl-cc"/>
      </object_component>
      <object_component id="oc-b6">
         <name>.debug_line</name>
         <load_address>0x238b</load_address>
         <run_address>0x238b</run_address>
         <size>0x40</size>
         <input_file_ref idref="fl-cd"/>
      </object_component>
      <object_component id="oc-139">
         <name>.debug_line</name>
         <load_address>0x23cb</load_address>
         <run_address>0x23cb</run_address>
         <size>0x3c</size>
         <input_file_ref idref="fl-cf"/>
      </object_component>
      <object_component id="oc-f0">
         <name>.debug_frame</name>
         <load_address>0x0</load_address>
         <run_address>0x0</run_address>
         <size>0x58</size>
         <input_file_ref idref="fl-1"/>
      </object_component>
      <object_component id="oc-bd">
         <name>.debug_frame</name>
         <load_address>0x58</load_address>
         <run_address>0x58</run_address>
         <size>0x5c</size>
         <input_file_ref idref="fl-1"/>
      </object_component>
      <object_component id="oc-45">
         <name>.debug_frame</name>
         <load_address>0xb4</load_address>
         <run_address>0xb4</run_address>
         <size>0x54</size>
         <input_file_ref idref="fl-1"/>
      </object_component>
      <object_component id="oc-2d">
         <name>.debug_frame</name>
         <load_address>0x108</load_address>
         <run_address>0x108</run_address>
         <size>0x54</size>
         <input_file_ref idref="fl-2"/>
      </object_component>
      <object_component id="oc-33">
         <name>.debug_frame</name>
         <load_address>0x15c</load_address>
         <run_address>0x15c</run_address>
         <size>0x54</size>
         <input_file_ref idref="fl-2"/>
      </object_component>
      <object_component id="oc-3f">
         <name>.debug_frame</name>
         <load_address>0x1b0</load_address>
         <run_address>0x1b0</run_address>
         <size>0x54</size>
         <input_file_ref idref="fl-2"/>
      </object_component>
      <object_component id="oc-39">
         <name>.debug_frame</name>
         <load_address>0x204</load_address>
         <run_address>0x204</run_address>
         <size>0x54</size>
         <input_file_ref idref="fl-2"/>
      </object_component>
      <object_component id="oc-20b">
         <name>.debug_frame</name>
         <load_address>0x258</load_address>
         <run_address>0x258</run_address>
         <size>0x60</size>
         <input_file_ref idref="fl-3"/>
      </object_component>
      <object_component id="oc-19a">
         <name>.debug_frame</name>
         <load_address>0x2b8</load_address>
         <run_address>0x2b8</run_address>
         <size>0x6c</size>
         <input_file_ref idref="fl-3"/>
      </object_component>
      <object_component id="oc-f6">
         <name>.debug_frame</name>
         <load_address>0x324</load_address>
         <run_address>0x324</run_address>
         <size>0x6c</size>
         <input_file_ref idref="fl-3"/>
      </object_component>
      <object_component id="oc-193">
         <name>.debug_frame</name>
         <load_address>0x390</load_address>
         <run_address>0x390</run_address>
         <size>0x60</size>
         <input_file_ref idref="fl-3"/>
      </object_component>
      <object_component id="oc-10e">
         <name>.debug_frame</name>
         <load_address>0x3f0</load_address>
         <run_address>0x3f0</run_address>
         <size>0x5c</size>
         <input_file_ref idref="fl-9"/>
      </object_component>
      <object_component id="oc-114">
         <name>.debug_frame</name>
         <load_address>0x44c</load_address>
         <run_address>0x44c</run_address>
         <size>0x54</size>
         <input_file_ref idref="fl-9"/>
      </object_component>
      <object_component id="oc-12c">
         <name>.debug_frame</name>
         <load_address>0x4a0</load_address>
         <run_address>0x4a0</run_address>
         <size>0x54</size>
         <input_file_ref idref="fl-9"/>
      </object_component>
      <object_component id="oc-108">
         <name>.debug_frame</name>
         <load_address>0x4f4</load_address>
         <run_address>0x4f4</run_address>
         <size>0x60</size>
         <input_file_ref idref="fl-9"/>
      </object_component>
      <object_component id="oc-120">
         <name>.debug_frame</name>
         <load_address>0x554</load_address>
         <run_address>0x554</run_address>
         <size>0x58</size>
         <input_file_ref idref="fl-9"/>
      </object_component>
      <object_component id="oc-126">
         <name>.debug_frame</name>
         <load_address>0x5ac</load_address>
         <run_address>0x5ac</run_address>
         <size>0x58</size>
         <input_file_ref idref="fl-9"/>
      </object_component>
      <object_component id="oc-11a">
         <name>.debug_frame</name>
         <load_address>0x604</load_address>
         <run_address>0x604</run_address>
         <size>0x54</size>
         <input_file_ref idref="fl-9"/>
      </object_component>
      <object_component id="oc-1a8">
         <name>.debug_frame</name>
         <load_address>0x658</load_address>
         <run_address>0x658</run_address>
         <size>0x54</size>
         <input_file_ref idref="fl-a"/>
      </object_component>
      <object_component id="oc-1ae">
         <name>.debug_frame</name>
         <load_address>0x6ac</load_address>
         <run_address>0x6ac</run_address>
         <size>0x68</size>
         <input_file_ref idref="fl-a"/>
      </object_component>
      <object_component id="oc-187">
         <name>.debug_frame</name>
         <load_address>0x714</load_address>
         <run_address>0x714</run_address>
         <size>0x58</size>
         <input_file_ref idref="fl-a"/>
      </object_component>
      <object_component id="oc-102">
         <name>.debug_frame</name>
         <load_address>0x76c</load_address>
         <run_address>0x76c</run_address>
         <size>0x58</size>
         <input_file_ref idref="fl-a"/>
      </object_component>
      <object_component id="oc-181">
         <name>.debug_frame</name>
         <load_address>0x7c4</load_address>
         <run_address>0x7c4</run_address>
         <size>0x58</size>
         <input_file_ref idref="fl-a"/>
      </object_component>
      <object_component id="oc-fc">
         <name>.debug_frame</name>
         <load_address>0x81c</load_address>
         <run_address>0x81c</run_address>
         <size>0x54</size>
         <input_file_ref idref="fl-c"/>
      </object_component>
      <object_component id="oc-ea">
         <name>.debug_frame</name>
         <load_address>0x870</load_address>
         <run_address>0x870</run_address>
         <size>0x68</size>
         <input_file_ref idref="fl-c"/>
      </object_component>
      <object_component id="oc-132">
         <name>.debug_frame</name>
         <load_address>0x8d8</load_address>
         <run_address>0x8d8</run_address>
         <size>0x60</size>
         <input_file_ref idref="fl-c"/>
      </object_component>
      <object_component id="oc-18d">
         <name>.debug_frame</name>
         <load_address>0x938</load_address>
         <run_address>0x938</run_address>
         <size>0x54</size>
         <input_file_ref idref="fl-d"/>
      </object_component>
      <object_component id="oc-21">
         <name>.debug_frame</name>
         <load_address>0x98c</load_address>
         <run_address>0x98c</run_address>
         <size>0x54</size>
         <input_file_ref idref="fl-c6"/>
      </object_component>
      <object_component id="oc-1b">
         <name>.debug_frame</name>
         <load_address>0x9e0</load_address>
         <run_address>0x9e0</run_address>
         <size>0x60</size>
         <input_file_ref idref="fl-c7"/>
      </object_component>
      <object_component id="oc-77">
         <name>.debug_frame</name>
         <load_address>0xa40</load_address>
         <run_address>0xa40</run_address>
         <size>0x50</size>
         <input_file_ref idref="fl-c8"/>
      </object_component>
      <object_component id="oc-146">
         <name>.debug_frame</name>
         <load_address>0xa90</load_address>
         <run_address>0xa90</run_address>
         <size>0x5c</size>
         <input_file_ref idref="fl-cc"/>
      </object_component>
      <object_component id="oc-b7">
         <name>.debug_frame</name>
         <load_address>0xaec</load_address>
         <run_address>0xaec</run_address>
         <size>0x54</size>
         <input_file_ref idref="fl-cd"/>
      </object_component>
      <object_component id="oc-13a">
         <name>.debug_frame</name>
         <load_address>0xb40</load_address>
         <run_address>0xb40</run_address>
         <size>0x54</size>
         <input_file_ref idref="fl-cf"/>
      </object_component>
      <object_component id="oc-173">
         <name>.debug_abbrev</name>
         <load_address>0x0</load_address>
         <run_address>0x0</run_address>
         <size>0xbc</size>
         <input_file_ref idref="fl-1"/>
      </object_component>
      <object_component id="oc-194">
         <name>.debug_abbrev</name>
         <load_address>0xbc</load_address>
         <run_address>0xbc</run_address>
         <size>0x5e</size>
         <input_file_ref idref="fl-1"/>
      </object_component>
      <object_component id="oc-134">
         <name>.debug_abbrev</name>
         <load_address>0x11a</load_address>
         <run_address>0x11a</run_address>
         <size>0x62</size>
         <input_file_ref idref="fl-1"/>
      </object_component>
      <object_component id="oc-8a">
         <name>.debug_abbrev</name>
         <load_address>0x17c</load_address>
         <run_address>0x17c</run_address>
         <size>0x50</size>
         <input_file_ref idref="fl-1"/>
      </object_component>
      <object_component id="oc-8f">
         <name>.debug_abbrev</name>
         <load_address>0x1cc</load_address>
         <run_address>0x1cc</run_address>
         <size>0x69</size>
         <input_file_ref idref="fl-1"/>
      </object_component>
      <object_component id="oc-d1">
         <name>.debug_abbrev</name>
         <load_address>0x235</load_address>
         <run_address>0x235</run_address>
         <size>0x1f</size>
         <input_file_ref idref="fl-1"/>
      </object_component>
      <object_component id="oc-cc">
         <name>.debug_abbrev</name>
         <load_address>0x254</load_address>
         <run_address>0x254</run_address>
         <size>0x5c</size>
         <input_file_ref idref="fl-1"/>
      </object_component>
      <object_component id="oc-94">
         <name>.debug_abbrev</name>
         <load_address>0x2b0</load_address>
         <run_address>0x2b0</run_address>
         <size>0x24</size>
         <input_file_ref idref="fl-1"/>
      </object_component>
      <object_component id="oc-19f">
         <name>.debug_abbrev</name>
         <load_address>0x2d4</load_address>
         <run_address>0x2d4</run_address>
         <size>0x24</size>
         <input_file_ref idref="fl-1"/>
      </object_component>
      <object_component id="oc-8b">
         <name>.debug_abbrev</name>
         <load_address>0x2f8</load_address>
         <run_address>0x2f8</run_address>
         <size>0x7c</size>
         <input_file_ref idref="fl-2"/>
      </object_component>
      <object_component id="oc-46">
         <name>.debug_abbrev</name>
         <load_address>0x374</load_address>
         <run_address>0x374</run_address>
         <size>0x29</size>
         <input_file_ref idref="fl-2"/>
      </object_component>
      <object_component id="oc-86">
         <name>.debug_abbrev</name>
         <load_address>0x39d</load_address>
         <run_address>0x39d</run_address>
         <size>0x50</size>
         <input_file_ref idref="fl-2"/>
      </object_component>
      <object_component id="oc-87">
         <name>.debug_abbrev</name>
         <load_address>0x3ed</load_address>
         <run_address>0x3ed</run_address>
         <size>0x40</size>
         <input_file_ref idref="fl-2"/>
      </object_component>
      <object_component id="oc-89">
         <name>.debug_abbrev</name>
         <load_address>0x42d</load_address>
         <run_address>0x42d</run_address>
         <size>0x40</size>
         <input_file_ref idref="fl-2"/>
      </object_component>
      <object_component id="oc-88">
         <name>.debug_abbrev</name>
         <load_address>0x46d</load_address>
         <run_address>0x46d</run_address>
         <size>0x40</size>
         <input_file_ref idref="fl-2"/>
      </object_component>
      <object_component id="oc-51">
         <name>.debug_abbrev</name>
         <load_address>0x4ad</load_address>
         <run_address>0x4ad</run_address>
         <size>0x1f</size>
         <input_file_ref idref="fl-2"/>
      </object_component>
      <object_component id="oc-212">
         <name>.debug_abbrev</name>
         <load_address>0x4cc</load_address>
         <run_address>0x4cc</run_address>
         <size>0x5f</size>
         <input_file_ref idref="fl-3"/>
      </object_component>
      <object_component id="oc-245">
         <name>.debug_abbrev</name>
         <load_address>0x52b</load_address>
         <run_address>0x52b</run_address>
         <size>0x27</size>
         <input_file_ref idref="fl-3"/>
      </object_component>
      <object_component id="oc-243">
         <name>.debug_abbrev</name>
         <load_address>0x552</load_address>
         <run_address>0x552</run_address>
         <size>0x27</size>
         <input_file_ref idref="fl-3"/>
      </object_component>
      <object_component id="oc-241">
         <name>.debug_abbrev</name>
         <load_address>0x579</load_address>
         <run_address>0x579</run_address>
         <size>0x27</size>
         <input_file_ref idref="fl-3"/>
      </object_component>
      <object_component id="oc-249">
         <name>.debug_abbrev</name>
         <load_address>0x5a0</load_address>
         <run_address>0x5a0</run_address>
         <size>0x7d</size>
         <input_file_ref idref="fl-3"/>
      </object_component>
      <object_component id="oc-211">
         <name>.debug_abbrev</name>
         <load_address>0x61d</load_address>
         <run_address>0x61d</run_address>
         <size>0x7a</size>
         <input_file_ref idref="fl-3"/>
      </object_component>
      <object_component id="oc-19b">
         <name>.debug_abbrev</name>
         <load_address>0x697</load_address>
         <run_address>0x697</run_address>
         <size>0x7f</size>
         <input_file_ref idref="fl-3"/>
      </object_component>
      <object_component id="oc-247">
         <name>.debug_abbrev</name>
         <load_address>0x716</load_address>
         <run_address>0x716</run_address>
         <size>0x8b</size>
         <input_file_ref idref="fl-3"/>
      </object_component>
      <object_component id="oc-205">
         <name>.debug_abbrev</name>
         <load_address>0x7a1</load_address>
         <run_address>0x7a1</run_address>
         <size>0x7b</size>
         <input_file_ref idref="fl-3"/>
      </object_component>
      <object_component id="oc-218">
         <name>.debug_abbrev</name>
         <load_address>0x81c</load_address>
         <run_address>0x81c</run_address>
         <size>0x7d</size>
         <input_file_ref idref="fl-9"/>
      </object_component>
      <object_component id="oc-1b3">
         <name>.debug_abbrev</name>
         <load_address>0x899</load_address>
         <run_address>0x899</run_address>
         <size>0x6c</size>
         <input_file_ref idref="fl-9"/>
      </object_component>
      <object_component id="oc-1b4">
         <name>.debug_abbrev</name>
         <load_address>0x905</load_address>
         <run_address>0x905</run_address>
         <size>0x6c</size>
         <input_file_ref idref="fl-9"/>
      </object_component>
      <object_component id="oc-1b8">
         <name>.debug_abbrev</name>
         <load_address>0x971</load_address>
         <run_address>0x971</run_address>
         <size>0x6e</size>
         <input_file_ref idref="fl-9"/>
      </object_component>
      <object_component id="oc-1b1">
         <name>.debug_abbrev</name>
         <load_address>0x9df</load_address>
         <run_address>0x9df</run_address>
         <size>0x6c</size>
         <input_file_ref idref="fl-9"/>
      </object_component>
      <object_component id="oc-1b6">
         <name>.debug_abbrev</name>
         <load_address>0xa4b</load_address>
         <run_address>0xa4b</run_address>
         <size>0x6c</size>
         <input_file_ref idref="fl-9"/>
      </object_component>
      <object_component id="oc-1b7">
         <name>.debug_abbrev</name>
         <load_address>0xab7</load_address>
         <run_address>0xab7</run_address>
         <size>0x6e</size>
         <input_file_ref idref="fl-9"/>
      </object_component>
      <object_component id="oc-1b5">
         <name>.debug_abbrev</name>
         <load_address>0xb25</load_address>
         <run_address>0xb25</run_address>
         <size>0x6c</size>
         <input_file_ref idref="fl-9"/>
      </object_component>
      <object_component id="oc-1ef">
         <name>.debug_abbrev</name>
         <load_address>0xb91</load_address>
         <run_address>0xb91</run_address>
         <size>0x69</size>
         <input_file_ref idref="fl-9"/>
      </object_component>
      <object_component id="oc-1df">
         <name>.debug_abbrev</name>
         <load_address>0xbfa</load_address>
         <run_address>0xbfa</run_address>
         <size>0x5c</size>
         <input_file_ref idref="fl-9"/>
      </object_component>
      <object_component id="oc-1ea">
         <name>.debug_abbrev</name>
         <load_address>0xc56</load_address>
         <run_address>0xc56</run_address>
         <size>0x24</size>
         <input_file_ref idref="fl-9"/>
      </object_component>
      <object_component id="oc-178">
         <name>.debug_abbrev</name>
         <load_address>0xc7a</load_address>
         <run_address>0xc7a</run_address>
         <size>0x24</size>
         <input_file_ref idref="fl-9"/>
      </object_component>
      <object_component id="oc-216">
         <name>.debug_abbrev</name>
         <load_address>0xc9e</load_address>
         <run_address>0xc9e</run_address>
         <size>0x7d</size>
         <input_file_ref idref="fl-a"/>
      </object_component>
      <object_component id="oc-23d">
         <name>.debug_abbrev</name>
         <load_address>0xd1b</load_address>
         <run_address>0xd1b</run_address>
         <size>0x27</size>
         <input_file_ref idref="fl-a"/>
      </object_component>
      <object_component id="oc-214">
         <name>.debug_abbrev</name>
         <load_address>0xd42</load_address>
         <run_address>0xd42</run_address>
         <size>0x6c</size>
         <input_file_ref idref="fl-a"/>
      </object_component>
      <object_component id="oc-215">
         <name>.debug_abbrev</name>
         <load_address>0xdae</load_address>
         <run_address>0xdae</run_address>
         <size>0x6c</size>
         <input_file_ref idref="fl-a"/>
      </object_component>
      <object_component id="oc-1f6">
         <name>.debug_abbrev</name>
         <load_address>0xe1a</load_address>
         <run_address>0xe1a</run_address>
         <size>0x7a</size>
         <input_file_ref idref="fl-a"/>
      </object_component>
      <object_component id="oc-1af">
         <name>.debug_abbrev</name>
         <load_address>0xe94</load_address>
         <run_address>0xe94</run_address>
         <size>0x7a</size>
         <input_file_ref idref="fl-a"/>
      </object_component>
      <object_component id="oc-1f5">
         <name>.debug_abbrev</name>
         <load_address>0xf0e</load_address>
         <run_address>0xf0e</run_address>
         <size>0x6c</size>
         <input_file_ref idref="fl-a"/>
      </object_component>
      <object_component id="oc-1e2">
         <name>.debug_abbrev</name>
         <load_address>0xf7a</load_address>
         <run_address>0xf7a</run_address>
         <size>0xbb</size>
         <input_file_ref idref="fl-c"/>
      </object_component>
      <object_component id="oc-21a">
         <name>.debug_abbrev</name>
         <load_address>0x1035</load_address>
         <run_address>0x1035</run_address>
         <size>0x27</size>
         <input_file_ref idref="fl-c"/>
      </object_component>
      <object_component id="oc-1a2">
         <name>.debug_abbrev</name>
         <load_address>0x105c</load_address>
         <run_address>0x105c</run_address>
         <size>0x6c</size>
         <input_file_ref idref="fl-c"/>
      </object_component>
      <object_component id="oc-175">
         <name>.debug_abbrev</name>
         <load_address>0x10c8</load_address>
         <run_address>0x10c8</run_address>
         <size>0x7a</size>
         <input_file_ref idref="fl-c"/>
      </object_component>
      <object_component id="oc-1bc">
         <name>.debug_abbrev</name>
         <load_address>0x1142</load_address>
         <run_address>0x1142</run_address>
         <size>0x60</size>
         <input_file_ref idref="fl-c"/>
      </object_component>
      <object_component id="oc-1e5">
         <name>.debug_abbrev</name>
         <load_address>0x11a2</load_address>
         <run_address>0x11a2</run_address>
         <size>0x38</size>
         <input_file_ref idref="fl-c"/>
      </object_component>
      <object_component id="oc-23f">
         <name>.debug_abbrev</name>
         <load_address>0x11da</load_address>
         <run_address>0x11da</run_address>
         <size>0x7d</size>
         <input_file_ref idref="fl-d"/>
      </object_component>
      <object_component id="oc-1f7">
         <name>.debug_abbrev</name>
         <load_address>0x1257</load_address>
         <run_address>0x1257</run_address>
         <size>0x6c</size>
         <input_file_ref idref="fl-d"/>
      </object_component>
      <object_component id="oc-24f">
         <name>.debug_abbrev</name>
         <load_address>0x12c3</load_address>
         <run_address>0x12c3</run_address>
         <size>0x4a</size>
         <input_file_ref idref="fl-c4"/>
      </object_component>
      <object_component id="oc-a3">
         <name>.debug_abbrev</name>
         <load_address>0x130d</load_address>
         <run_address>0x130d</run_address>
         <size>0x37</size>
         <input_file_ref idref="fl-c6"/>
      </object_component>
      <object_component id="oc-59">
         <name>.debug_abbrev</name>
         <load_address>0x1344</load_address>
         <run_address>0x1344</run_address>
         <size>0x74</size>
         <input_file_ref idref="fl-c6"/>
      </object_component>
      <object_component id="oc-5c">
         <name>.debug_abbrev</name>
         <load_address>0x13b8</load_address>
         <run_address>0x13b8</run_address>
         <size>0x24</size>
         <input_file_ref idref="fl-c6"/>
      </object_component>
      <object_component id="oc-a0">
         <name>.debug_abbrev</name>
         <load_address>0x13dc</load_address>
         <run_address>0x13dc</run_address>
         <size>0x24</size>
         <input_file_ref idref="fl-c6"/>
      </object_component>
      <object_component id="oc-da">
         <name>.debug_abbrev</name>
         <load_address>0x1400</load_address>
         <run_address>0x1400</run_address>
         <size>0x37</size>
         <input_file_ref idref="fl-c7"/>
      </object_component>
      <object_component id="oc-49">
         <name>.debug_abbrev</name>
         <load_address>0x1437</load_address>
         <run_address>0x1437</run_address>
         <size>0x6f</size>
         <input_file_ref idref="fl-c7"/>
      </object_component>
      <object_component id="oc-4c">
         <name>.debug_abbrev</name>
         <load_address>0x14a6</load_address>
         <run_address>0x14a6</run_address>
         <size>0x24</size>
         <input_file_ref idref="fl-c7"/>
      </object_component>
      <object_component id="oc-d7">
         <name>.debug_abbrev</name>
         <load_address>0x14ca</load_address>
         <run_address>0x14ca</run_address>
         <size>0x35</size>
         <input_file_ref idref="fl-c7"/>
      </object_component>
      <object_component id="oc-99">
         <name>.debug_abbrev</name>
         <load_address>0x14ff</load_address>
         <run_address>0x14ff</run_address>
         <size>0x24</size>
         <input_file_ref idref="fl-c7"/>
      </object_component>
      <object_component id="oc-84">
         <name>.debug_abbrev</name>
         <load_address>0x1523</load_address>
         <run_address>0x1523</run_address>
         <size>0x29</size>
         <input_file_ref idref="fl-c8"/>
      </object_component>
      <object_component id="oc-c1">
         <name>.debug_abbrev</name>
         <load_address>0x154c</load_address>
[...]
            <object_component_ref idref="oc-a2"/>
            <object_component_ref idref="oc-4e"/>
            <object_component_ref idref="oc-d9"/>
            <object_component_ref idref="oc-9b"/>
            <object_component_ref idref="oc-230"/>
            <object_component_ref idref="oc-257"/>
            <object_component_ref idref="oc-235"/>
            <object_component_ref idref="oc-23a"/>
         </contents>
      </logical_group>
      <logical_group id="lg-27d" display="never" color="cyan">
         <name>.debug_aranges</name>
         <load_address>0x0</load_address>
         <run_address>0x0</run_address>
         <size>0x4a0</size>
         <contents>
            <object_component_ref idref="oc-ed"/>
            <object_component_ref idref="oc-ba"/>
            <object_component_ref idref="oc-42"/>
            <object_component_ref idref="oc-2a"/>
            <object_component_ref idref="oc-30"/>
            <object_component_ref idref="oc-3c"/>
            <object_component_ref idref="oc-36"/>
            <object_component_ref idref="oc-208"/>
            <object_component_ref idref="oc-197"/>
            <object_component_ref idref="oc-f3"/>
            <object_component_ref idref="oc-203"/>
            <object_component_ref idref="oc-190"/>
            <object_component_ref idref="oc-10b"/>
            <object_component_ref idref="oc-111"/>
            <object_component_ref idref="oc-129"/>
            <object_component_ref idref="oc-105"/>
            <object_component_ref idref="oc-11d"/>
            <object_component_ref idref="oc-123"/>
            <object_component_ref idref="oc-117"/>
            <object_component_ref idref="oc-1a5"/>
            <object_component_ref idref="oc-1ab"/>
            <object_component_ref idref="oc-184"/>
            <object_component_ref idref="oc-ff"/>
            <object_component_ref idref="oc-17e"/>
            <object_component_ref idref="oc-f9"/>
            <object_component_ref idref="oc-e7"/>
            <object_component_ref idref="oc-12f"/>
            <object_component_ref idref="oc-18a"/>
            <object_component_ref idref="oc-20d"/>
            <object_component_ref idref="oc-1e"/>
            <object_component_ref idref="oc-18"/>
            <object_component_ref idref="oc-74"/>
            <object_component_ref idref="oc-24c"/>
            <object_component_ref idref="oc-56"/>
            <object_component_ref idref="oc-143"/>
            <object_component_ref idref="oc-b4"/>
            <object_component_ref idref="oc-137"/>
         </contents>
      </logical_group>
      <logical_group id="lg-27f" display="never" color="cyan">
         <name>.debug_pubnames</name>
         <load_address>0x0</load_address>
         <run_address>0x0</run_address>
         <size>0x661</size>
         <contents>
            <object_component_ref idref="oc-ee"/>
            <object_component_ref idref="oc-bb"/>
            <object_component_ref idref="oc-43"/>
            <object_component_ref idref="oc-15"/>
            <object_component_ref idref="oc-2b"/>
            <object_component_ref idref="oc-31"/>
            <object_component_ref idref="oc-3d"/>
            <object_component_ref idref="oc-37"/>
            <object_component_ref idref="oc-201"/>
            <object_component_ref idref="oc-1fe"/>
            <object_component_ref idref="oc-1fb"/>
            <object_component_ref idref="oc-209"/>
            <object_component_ref idref="oc-198"/>
            <object_component_ref idref="oc-f4"/>
            <object_component_ref idref="oc-204"/>
            <object_component_ref idref="oc-191"/>
            <object_component_ref idref="oc-10c"/>
            <object_component_ref idref="oc-112"/>
            <object_component_ref idref="oc-12a"/>
            <object_component_ref idref="oc-106"/>
            <object_component_ref idref="oc-11e"/>
            <object_component_ref idref="oc-124"/>
            <object_component_ref idref="oc-118"/>
            <object_component_ref idref="oc-1f4"/>
            <object_component_ref idref="oc-1a6"/>
            <object_component_ref idref="oc-1ac"/>
            <object_component_ref idref="oc-185"/>
            <object_component_ref idref="oc-100"/>
            <object_component_ref idref="oc-17f"/>
            <object_component_ref idref="oc-1bb"/>
            <object_component_ref idref="oc-fa"/>
            <object_component_ref idref="oc-e8"/>
            <object_component_ref idref="oc-130"/>
            <object_component_ref idref="oc-18b"/>
            <object_component_ref idref="oc-20f"/>
            <object_component_ref idref="oc-1f"/>
            <object_component_ref idref="oc-19"/>
            <object_component_ref idref="oc-27"/>
            <object_component_ref idref="oc-75"/>
            <object_component_ref idref="oc-24d"/>
            <object_component_ref idref="oc-57"/>
            <object_component_ref idref="oc-144"/>
            <object_component_ref idref="oc-b5"/>
            <object_component_ref idref="oc-138"/>
         </contents>
      </logical_group>
      <logical_group id="lg-281" display="never" color="cyan">
         <name>.debug_pubtypes</name>
         <load_address>0x0</load_address>
         <run_address>0x0</run_address>
         <size>0x11b6</size>
         <contents>
            <object_component_ref idref="oc-8e"/>
            <object_component_ref idref="oc-d0"/>
            <object_component_ref idref="oc-cb"/>
            <object_component_ref idref="oc-93"/>
            <object_component_ref idref="oc-19e"/>
            <object_component_ref idref="oc-50"/>
            <object_component_ref idref="oc-1ee"/>
            <object_component_ref idref="oc-1de"/>
            <object_component_ref idref="oc-1e9"/>
            <object_component_ref idref="oc-177"/>
            <object_component_ref idref="oc-5b"/>
            <object_component_ref idref="oc-9f"/>
            <object_component_ref idref="oc-4b"/>
            <object_component_ref idref="oc-d6"/>
            <object_component_ref idref="oc-98"/>
            <object_component_ref idref="oc-22d"/>
            <object_component_ref idref="oc-254"/>
            <object_component_ref idref="oc-232"/>
            <object_component_ref idref="oc-237"/>
         </contents>
      </logical_group>
      <logical_group id="lg-283" display="no" color="cyan">
         <name>.binit</name>
         <load_address>0x0</load_address>
         <run_address>0x0</run_address>
         <size>0x0</size>
         <contents>
            <object_component_ref idref="oc-263"/>
         </contents>
      </logical_group>
      <logical_group id="lg-290" display="no" color="cyan">
         <name>Veneer$$CMSE</name>
         <run_address>0x0</run_address>
         <size>0x0</size>
         <contents>
         </contents>
      </logical_group>
      <load_segment id="lg-295" display="no" color="cyan">
         <name>SEGMENT_0</name>
         <load_address>0x0</load_address>
         <run_address>0x0</run_address>
         <size>0xef0</size>
         <flags>0x5</flags>
         <contents>
            <logical_group_ref idref="lg-3"/>
            <logical_group_ref idref="lg-4"/>
            <logical_group_ref idref="lg-5"/>
            <logical_group_ref idref="lg-6"/>
         </contents>
      </load_segment>
      <load_segment id="lg-296" display="no" color="cyan">
         <name>SEGMENT_1</name>
         <run_address>0x20000000</run_address>
         <size>0x805</size>
         <flags>0x6</flags>
         <contents>
            <logical_group_ref idref="lg-d"/>
            <logical_group_ref idref="lg-a"/>
         </contents>
      </load_segment>
   </logical_group_list>
   <placement_map>
      <memory_area display="yes" color="green">
         <name>FLASH</name>
         <page_id>0x0</page_id>
         <origin>0x0</origin>
         <length>0x40000</length>
         <used_space>0xeee</used_space>
         <unused_space>0x3f112</unused_space>
         <attributes>RX</attributes>
         <usage_details>
            <allocated_space>
               <start_address>0x0</start_address>
               <size>0x0</size>
               <logical_group_ref idref="lg-283"/>
            </allocated_space>
            <allocated_space>
               <start_address>0x0</start_address>
               <size>0x26c</size>
               <logical_group_ref idref="lg-3"/>
            </allocated_space>
            <allocated_space>
               <start_address>0x26c</start_address>
               <size>0xb56</size>
               <logical_group_ref idref="lg-4"/>
            </allocated_space>
            <available_space>
               <start_address>0xdc2</start_address>
               <size>0x2</size>
            </available_space>
            <allocated_space>
               <start_address>0xdc4</start_address>
               <size>0x114</size>
               <logical_group_ref idref="lg-5"/>
            </allocated_space>
            <allocated_space>
               <start_address>0xed8</start_address>
               <size>0x18</size>
               <logical_group_ref idref="lg-6"/>
            </allocated_space>
            <available_space>
               <start_address>0xef0</start_address>
               <size>0x3f110</size>
            </available_space>
         </usage_details>
      </memory_area>
      <memory_area display="yes" color="green">
         <name>SRAM</name>
         <page_id>0x0</page_id>
         <origin>0x20000000</origin>
         <length>0x8000</length>
         <used_space>0x805</used_space>
         <unused_space>0x77fb</unused_space>
         <attributes>RWX</attributes>
         <usage_details>
            <allocated_space>
               <start_address>0x20000000</start_address>
               <size>0x0</size>
               <logical_group_ref idref="lg-262"/>
            </allocated_space>
            <allocated_space>
               <start_address>0x20000000</start_address>
               <size>0x800</size>
               <logical_group_ref idref="lg-d"/>
            </allocated_space>
            <allocated_space>
               <start_address>0x20000800</start_address>
               <size>0x5</size>
               <logical_group_ref idref="lg-a"/>
            </allocated_space>
            <available_space>
               <start_address>0x20000805</start_address>
               <size>0x77fb</size>
            </available_space>
         </usage_details>
      </memory_area>
   </placement_map>
   <cptbl_list>
      <cptbl>
         <name>__TI_cinit_table</name>
         <cprec>
            <name>.data</name>
            <load_address>0xee0</load_address>
            <load_size>0x7</load_size>
            <run_address>0x20000800</run_address>
            <run_size>0x5</run_size>
            <compression>lzss</compression>
         </cprec>
      </cptbl>
   </cptbl_list>
   <handler_table>
      <handler_table_name>__TI_handler_table</handler_table_name>
      <handler>
         <index>0x0</index>
         <name>__TI_decompress_lzss</name>
      </handler>
      <handler>
         <index>0x1</index>
         <name>__TI_decompress_none</name>
      </handler>
   </handler_table>
   <symbol_table>
      <symbol id="sm-1">
         <name>__STACK_TOP</name>
         <value>0x20000800</value>
      </symbol>
      <symbol id="sm-2">
         <name>__start___llvm_prf_cnts</name>
         <value>0x20000000</value>
      </symbol>
      <symbol id="sm-3">
         <name>__stop___llvm_prf_cnts</name>
         <value>0x20000000</value>
      </symbol>
      <symbol id="sm-4">
         <name>__TI_CINIT_Base</name>
         <value>0xee8</value>
      </symbol>
      <symbol id="sm-5">
         <name>__TI_CINIT_Limit</name>
         <value>0xef0</value>
      </symbol>
      <symbol id="sm-6">
         <name>__TI_Handler_Table_Base</name>
         <value>0xed8</value>
      </symbol>
      <symbol id="sm-7">
         <name>__TI_Handler_Table_Limit</name>
         <value>0xee0</value>
      </symbol>
      <symbol id="sm-8">
         <name>binit</name>
         <value>0xffffffff</value>
      </symbol>
      <symbol id="sm-9">
         <name>__binit__</name>
         <value>0xffffffff</value>
      </symbol>
      <symbol id="sm-a">
         <name>__STACK_SIZE</name>
         <value>0x800</value>
      </symbol>
      <symbol id="sm-b">
         <name>__STACK_END</name>
         <value>0x20000800</value>
      </symbol>
      <symbol id="sm-c">
         <name>__c_args__</name>
         <value>0xffffffff</value>
      </symbol>
      <symbol id="sm-d">
         <name>__TI_pprof_out_hndl</name>
         <value>0xffffffff</value>
      </symbol>
      <symbol id="sm-e">
         <name>__TI_prof_data_start</name>
         <value>0xffffffff</value>
      </symbol>
      <symbol id="sm-f">
         <name>__TI_prof_data_size</name>
         <value>0xffffffff</value>
      </symbol>
      <symbol id="sm-6e">
         <name>ADCSeq0Handler</name>
         <value>0x45b</value>
         <object_component_ref idref="oc-40"/>
      </symbol>
      <symbol id="sm-6f">
         <name>main</name>
         <value>0x7d5</value>
         <object_component_ref idref="oc-b8"/>
      </symbol>
      <symbol id="sm-70">
         <name>ConfigureUART</name>
         <value>0xb25</value>
         <object_component_ref idref="oc-eb"/>
      </symbol>
      <symbol id="sm-a6">
         <name>ResetISR</name>
         <value>0xda5</value>
         <object_component_ref idref="oc-28"/>
      </symbol>
      <symbol id="sm-a7">
         <name>g_pfnVectors</name>
         <value>0x0</value>
         <object_component_ref idref="oc-13"/>
      </symbol>
      <symbol id="sm-116">
         <name>UARTStdioConfig</name>
         <value>0xa25</value>
         <object_component_ref idref="oc-18e"/>
      </symbol>
      <symbol id="sm-117">
         <name>UARTwrite</name>
         <value>0xa85</value>
         <object_component_ref idref="oc-206"/>
      </symbol>
      <symbol id="sm-118">
         <name>UARTprintf</name>
         <value>0xd21</value>
         <object_component_ref idref="oc-f1"/>
      </symbol>
      <symbol id="sm-119">
         <name>UARTvprintf</name>
         <value>0x26d</value>
         <object_component_ref idref="oc-195"/>
      </symbol>
      <symbol id="sm-172">
         <name>ADCProcessorTrigger</name>
         <value>0xd3b</value>
         <object_component_ref idref="oc-11b"/>
      </symbol>
      <symbol id="sm-173">
         <name>ADCSequenceEnable</name>
         <value>0xd7f</value>
         <object_component_ref idref="oc-10f"/>
      </symbol>
      <symbol id="sm-174">
         <name>ADCSequenceConfigure</name>
         <value>0xad5</value>
         <object_component_ref idref="oc-103"/>
      </symbol>
      <symbol id="sm-175">
         <name>ADCSequenceStepConfigure</name>
         <value>0x941</value>
         <object_component_ref idref="oc-109"/>
      </symbol>
      <symbol id="sm-176">
         <name>ADCIntClear</name>
         <value>0xd9b</value>
         <object_component_ref idref="oc-115"/>
      </symbol>
      <symbol id="sm-177">
         <name>ADCIntStatus</name>
         <value>0xca9</value>
         <object_component_ref idref="oc-121"/>
      </symbol>
      <symbol id="sm-178">
         <name>ADCSequenceDataGet</name>
         <value>0xd03</value>
         <object_component_ref idref="oc-127"/>
      </symbol>
      <symbol id="sm-1ba">
         <name>GPIOPinConfigure</name>
         <value>0xb71</value>
         <object_component_ref idref="oc-17c"/>
      </symbol>
      <symbol id="sm-1bb">
         <name>GPIOPinTypeADC</name>
         <value>0xd53</value>
         <object_component_ref idref="oc-fd"/>
      </symbol>
      <symbol id="sm-1bc">
         <name>GPIOPinTypeUART</name>
         <value>0xd69</value>
         <object_component_ref idref="oc-182"/>
      </symbol>
      <symbol id="sm-1bd">
         <name>GPIODirModeSet</name>
         <value>0xcd7</value>
         <object_component_ref idref="oc-1a3"/>
      </symbol>
      <symbol id="sm-1be">
         <name>GPIOPadConfigSet</name>
         <value>0x45d</value>
         <object_component_ref idref="oc-1a9"/>
      </symbol>
      <symbol id="sm-212">
         <name>SysCtlClockSet</name>
         <value>0x6e1</value>
         <object_component_ref idref="oc-e5"/>
      </symbol>
      <symbol id="sm-213">
         <name>SysCtlDelay</name>
         <value>0xdab</value>
         <object_component_ref idref="oc-133"/>
      </symbol>
      <symbol id="sm-214">
         <name>SysCtlPeripheralEnable</name>
         <value>0xc41</value>
         <object_component_ref idref="oc-f7"/>
      </symbol>
      <symbol id="sm-215">
         <name>SysCtlClockGet</name>
         <value>0x5c9</value>
         <object_component_ref idref="oc-12d"/>
      </symbol>
      <symbol id="sm-222">
         <name>UARTClockSourceSet</name>
         <value>0xdb1</value>
         <object_component_ref idref="oc-188"/>
      </symbol>
      <symbol id="sm-232">
         <name>__aeabi_uidivmod</name>
         <value>0xc01</value>
         <object_component_ref idref="oc-20c"/>
      </symbol>
      <symbol id="sm-233">
         <name>__aeabi_uidiv</name>
         <value>0xc01</value>
         <object_component_ref idref="oc-20c"/>
      </symbol>
      <symbol id="sm-24b">
         <name>__TI_decompress_none</name>
         <value>0xd8d</value>
         <object_component_ref idref="oc-1c"/>
      </symbol>
      <symbol id="sm-26e">
         <name>__TI_decompress_lzss</name>
         <value>0x9bb</value>
         <object_component_ref idref="oc-16"/>
      </symbol>
      <symbol id="sm-281">
         <name>__stack</name>
         <value>0x20000000</value>
         <object_component_ref idref="oc-25"/>
      </symbol>
      <symbol id="sm-282">
         <name>_c_int00_noargs</name>
         <value>0xc75</value>
         <object_component_ref idref="oc-72"/>
      </symbol>
      <symbol id="sm-28c">
         <name>__aeabi_idiv0</name>
         <value>0xdc1</value>
         <object_component_ref idref="oc-24a"/>
      </symbol>
      <symbol id="sm-28d">
         <name>__aeabi_ldiv0</name>
         <value>0xdc1</value>
         <object_component_ref idref="oc-24a"/>
      </symbol>
      <symbol id="sm-2a8">
         <name>memcpy</name>
         <value>0x8a5</value>
         <object_component_ref idref="oc-54"/>
      </symbol>
      <symbol id="sm-2a9">
         <name>__aeabi_memcpy</name>
         <value>0x8a5</value>
         <object_component_ref idref="oc-54"/>
      </symbol>
      <symbol id="sm-2aa">
         <name>__aeabi_memcpy8</name>
         <value>0x8a5</value>
         <object_component_ref idref="oc-54"/>
      </symbol>
      <symbol id="sm-2ab">
         <name>__aeabi_memcpy4</name>
         <value>0x8a5</value>
         <object_component_ref idref="oc-54"/>
      </symbol>
      <symbol id="sm-2d4">
         <name>__TI_auto_init_nobinit_nopinit</name>
         <value>0xbbd</value>
         <object_component_ref idref="oc-141"/>
      </symbol>
      <symbol id="sm-2de">
         <name>_system_pre_init</name>
         <value>0xdb7</value>
         <object_component_ref idref="oc-b2"/>
      </symbol>
      <symbol id="sm-2ea">
         <name>C$$EXIT</name>
         <value>0xdbb</value>
         <object_component_ref idref="oc-135"/>
      </symbol>
      <symbol id="sm-2eb">
         <name>abort</name>
         <value>0xdbb</value>
         <object_component_ref idref="oc-135"/>
      </symbol>
      <symbol id="sm-2ee">
         <name>__TI_static_base__</name>
         <value>0x0</value>
      </symbol>
      <symbol id="sm-2f1">
         <name>__mpu_init</name>
         <value>0x0</value>
      </symbol>
      <symbol id="sm-2f2">
         <name>_system_post_cinit</name>
         <value>0x0</value>
      </symbol>
   </symbol_table>
   <title>Link successful</title>
</link_info>
