******************************************************************************
                  TI ARM Linker Unix v20.2.7                   
******************************************************************************
>> Linked Mon Sep 29 16:27:03 2025

OUTPUT FILE NAME:   <adc_udma_pingpong.out>
ENTRY POINT SYMBOL: "_c_int00_noargs"  address: 00000eb1


MEMORY CONFIGURATION

         name            origin    length      used     unused   attr    fill
----------------------  --------  ---------  --------  --------  ----  --------
  FLASH                 00000000   00040000  00001136  0003eeca  R  X
  SRAM                  20000000   00008000  00000d09  000072f7  RW X


SEGMENT ALLOCATION MAP

run origin  load origin   length   init length attrs members
----------  ----------- ---------- ----------- ----- -------
00000000    00000000    00001138   00001138    r-x
  00000000    00000000    0000026c   0000026c    r-- .intvecs
  0000026c    0000026c    00000dee   00000dee    r-x .text
  0000105c    0000105c    000000ac   000000ac    r-- .const
  00001108    00001108    00000030   00000030    r-- .cinit
20000000    20000000    00000d09   00000000    rw-
  20000000    20000000    00000800   00000000    rw- .stack
  20000800    20000800    00000504   00000000    rw- .bss
  20000d04    20000d04    00000005   00000000    rw- .data


SECTION ALLOCATION MAP

 output                                  attributes/
section   page    origin      length       input sections
--------  ----  ----------  ----------   ----------------
.intvecs   0    00000000    0000026c     
                  00000000    0000026c     startup_ccs.obj (.intvecs)

.text      0    0000026c    00000dee     
                  0000026c    00000280     adc_udma_pingpong.obj (.text:main)
                  000004ec    000001ee     uartstdio.obj (.text:UARTvprintf)
                  000006da    00000002     startup_ccs.obj (.text:FaultISR)
                  000006dc    00000118     driverlib.lib : sysctl.obj (.text:SysCtlClockGet)
                  000007f4    0000009c     rtsv7M4_T_le_v4SPD16_eabi.lib : memcpy_t2.asm.obj (.text)
                  00000890    0000007c     driverlib.lib : udma.obj (.text:uDMAChannelTransferSet)
                  0000090c    0000007a                   : adc.obj (.text:ADCSequenceStepConfigure)
                  00000986    0000007a     rtsv7M4_T_le_v4SPD16_eabi.lib : memset_t2.asm.obj (.text)
                  00000a00    00000068     adc_udma_pingpong.obj (.text:ConfigureUART)
                  00000a68    00000068     driverlib.lib : interrupt.obj (.text:IntDisable)
                  00000ad0    00000068                   : interrupt.obj (.text:IntEnable)
                  00000b38    00000068     rtsv7M4_T_le_v4SPD16_eabi.lib : copy_decompress_lzss.c.obj (.text:decompress:lzss:__TI_decompress_lzss)
                  00000ba0    00000060     driverlib.lib : timer.obj (.text:TimerConfigure)
                  00000c00    00000060     uartstdio.obj (.text:UARTStdioConfig)
                  00000c60    0000005c     driverlib.lib : timer.obj (.text:TimerControlTrigger)
                  00000cbc    00000050     uartstdio.obj (.text:UARTwrite)
                  00000d0c    0000004e     driverlib.lib : adc.obj (.text:ADCSequenceConfigure)
                  00000d5a    00000002     startup_ccs.obj (.text:IntDefaultHandler)
                  00000d5c    00000048     driverlib.lib : udma.obj (.text:uDMAChannelAttributeDisable)
                  00000da4    00000044     adc_udma_pingpong.obj (.text:ADCSeq0Handler)
                  00000de8    00000044     rtsv7M4_T_le_v4SPD16_eabi.lib : autoinit.c.obj (.text:__TI_auto_init_nobinit_nopinit:__TI_auto_init_nobinit_nopinit)
                  00000e2c    00000044     driverlib.lib : udma.obj (.text:uDMAChannelAttributeEnable)
                  00000e70    00000040     rtsv7M4_T_le_v4SPD16_eabi.lib : u_divt2.asm.obj (.text)
                  00000eb0    00000034                                   : boot_cortex_m.c.obj (.text:_c_int00_noargs:_c_int00_noargs)
                  00000ee4    00000028     driverlib.lib : udma.obj (.text:uDMAChannelModeGet)
                  00000f0c    00000024                   : udma.obj (.text:uDMAChannelControlSet)
                  00000f30    0000001a     uartstdio.obj (.text:UARTprintf)
                  00000f4a    00000018     driverlib.lib : adc.obj (.text:ADCClockConfigSet)
                  00000f62    00000002     startup_ccs.obj (.text:NmiSR)
                  00000f64    00000018     driverlib.lib : udma.obj (.text:uDMAChannelEnable)
                  00000f7c    00000012                   : timer.obj (.text:TimerLoadSet)
                  00000f8e    00000010                   : adc.obj (.text:ADCIntEnable)
                  00000f9e    00000010                   : adc.obj (.text:ADCSequenceDMAEnable)
                  00000fae    00000010                   : interrupt.obj (.text:IntMasterEnable)
                  00000fbe    00000002     rtsv7M4_T_le_v4SPD16_eabi.lib : div0.asm.obj (.text)
                  00000fc0    00000010     driverlib.lib : udma.obj (.text:uDMAEnable)
                  00000fd0    0000000e                   : adc.obj (.text:ADCIntDisable)
                  00000fde    0000000e                   : adc.obj (.text:ADCSequenceDisable)
                  00000fec    0000000e                   : adc.obj (.text:ADCSequenceEnable)
                  00000ffa    0000000e                   : timer.obj (.text:TimerEnable)
                  00001008    0000000e     rtsv7M4_T_le_v4SPD16_eabi.lib : copy_decompress_none.c.obj (.text:decompress:none:__TI_decompress_none)
                  00001016    0000000c     driverlib.lib : cpu.obj (.text:CPUcpsie)
                  00001022    0000000c     rtsv7M4_T_le_v4SPD16_eabi.lib : copy_zero_init.c.obj (.text:decompress:ZI:__TI_zero_init)
                  0000102e    00000002     --HOLE-- [fill = 0]
                  00001030    0000000c     driverlib.lib : udma.obj (.text:uDMAControlBaseSet)
                  0000103c    0000000a                   : adc.obj (.text:ADCIntClear)
                  00001046    00000006     startup_ccs.obj (.text:ResetISR)
                  0000104c    00000006     driverlib.lib : sysctl.obj (.text:SysCtlDelay)
                  00001052    00000004     rtsv7M4_T_le_v4SPD16_eabi.lib : pre_init.c.obj (.text:_system_pre_init)
                  00001056    00000004                                   : exit.c.obj (.text:abort:abort)

.const     0    0000105c    000000ac     
                  0000105c    0000006c     driverlib.lib : sysctl.obj (.const:g_pui32Xtals)
                  000010c8    00000014                   : interrupt.obj (.const:g_pui32Dii16Regs)
                  000010dc    00000014                   : interrupt.obj (.const:g_pui32EnRegs)
                  000010f0    0000000c     uartstdio.obj (.const:g_ui32UARTBase)
                  000010fc    0000000c     uartstdio.obj (.const:g_ui32UARTPeriph)

.cinit     0    00001108    00000030     
                  00001108    0000000c     (__TI_handler_table)
                  00001114    00000004     --HOLE-- [fill = 0]
                  00001118    00000008     (.cinit..bss.load) [load image, compression = zero_init]
                  00001120    00000007     (.cinit..data.load) [load image, compression = lzss]
                  00001127    00000001     --HOLE-- [fill = 0]
                  00001128    00000010     (__TI_cinit_table)

.init_array 
*          0    00000000    00000000     UNINITIALIZED

.bss       0    20000800    00000504     UNINITIALIZED
                  20000800    00000400     (.common:pui8ControlTable)
                  20000c00    00000080     adc_udma_pingpong.obj (.bss:pui16ADCBuffer1)
                  20000c80    00000080     adc_udma_pingpong.obj (.bss:pui16ADCBuffer2)
                  20000d00    00000004     adc_udma_pingpong.obj (.bss:pui32BufferStatus)

.data      0    20000d04    00000005     UNINITIALIZED
                  20000d04    00000005     uartstdio.obj (.data)

.stack     0    20000000    00000800     UNINITIALIZED
                  20000000    00000004     rtsv7M4_T_le_v4SPD16_eabi.lib : boot_cortex_m.c.obj (.stack)
                  20000004    000007fc     --HOLE--

__llvm_prf_cnts 
*          0    20000000    00000000     UNINITIALIZED

.binit     0    00000000    00000000     

MODULE SUMMARY

       Module                       code   ro data   rw data
       ------                       ----   -------   -------
    ./
       adc_udma_pingpong.obj        812    0         1284   
       startup_ccs.obj              12     620       0      
    +--+----------------------------+------+---------+---------+
       Total:                       824    620       1284   
                                                            
    ./utils/
       uartstdio.obj                696    24        5      
    +--+----------------------------+------+---------+---------+
       Total:                       696    24        5      
                                                            
    /home/jithin/Downloads/ti-cgt-arm_20.2.7.LTS/lib/rtsv7M4_T_le_v4SPD16_eabi.lib
       memcpy_t2.asm.obj            156    0         0      
       memset_t2.asm.obj            122    0         0      
       copy_decompress_lzss.c.obj   104    0         0      
       autoinit.c.obj               68     0         0      
       u_divt2.asm.obj              64     0         0      
       boot_cortex_m.c.obj          52     0         0      
       copy_decompress_none.c.obj   14     0         0      
       copy_zero_init.c.obj         12     0         0      
       exit.c.obj                   4      0         0      
       pre_init.c.obj               4      0         0      
       div0.asm.obj                 2      0         0      
    +--+----------------------------+------+---------+---------+
       Total:                       602    0         0      
                                                            
    /home/jithin/ti/TivaWare_C_Series-2.2.0.295/driverlib/ccs/Debug/driverlib.lib
       sysctl.obj                   286    108       0      
       udma.obj                     392    0         0      
       adc.obj                      308    0         0      
       interrupt.obj                224    40        0      
       timer.obj                    220    0         0      
       cpu.obj                      12     0         0      
    +--+----------------------------+------+---------+---------+
       Total:                       1442   148       0      
                                                            
       Stack:                       0      0         2048   
       Linker Generated:            0      43        0      
    +--+----------------------------+------+---------+---------+
       Grand Total:                 3564   835       3337   


LINKER GENERATED COPY TABLES

__TI_cinit_table @ 00001128 records: 2, size/record: 8, table size: 16
	.bss: load addr=00001118, load size=00000008 bytes, run addr=20000800, run size=00000504 bytes, compression=zero_init
	.data: load addr=00001120, load size=00000007 bytes, run addr=20000d04, run size=00000005 bytes, compression=lzss


LINKER GENERATED HANDLER TABLE

__TI_handler_table @ 00001108 records: 3, size/record: 4, table size: 12
	index: 0, handler: __TI_decompress_lzss
	index: 1, handler: __TI_decompress_none
	index: 2, handler: __TI_zero_init


GLOBAL SYMBOLS: SORTED ALPHABETICALLY BY Name 

address   name                          
-------   ----                          
00000f4b  ADCClockConfigSet             
0000103d  ADCIntClear                   
00000fd1  ADCIntDisable                 
00000f8f  ADCIntEnable                  
00000da5  ADCSeq0Handler                
00000d0d  ADCSequenceConfigure          
00000f9f  ADCSequenceDMAEnable          
00000fdf  ADCSequenceDisable            
00000fed  ADCSequenceEnable             
0000090d  ADCSequenceStepConfigure      
00001057  C$$EXIT                       
00001017  CPUcpsie                      
00000a01  ConfigureUART                 
00000a69  IntDisable                    
00000ad1  IntEnable                     
00000faf  IntMasterEnable               
00001047  ResetISR                      
000006dd  SysCtlClockGet                
0000104d  SysCtlDelay                   
00000ba1  TimerConfigure                
00000c61  TimerControlTrigger           
00000ffb  TimerEnable                   
00000f7d  TimerLoadSet                  
00000c01  UARTStdioConfig               
00000f31  UARTprintf                    
000004ed  UARTvprintf                   
00000cbd  UARTwrite                     
20000800  __STACK_END                   
00000800  __STACK_SIZE                  
20000800  __STACK_TOP                   
00001128  __TI_CINIT_Base               
00001138  __TI_CINIT_Limit              
00001108  __TI_Handler_Table_Base       
00001114  __TI_Handler_Table_Limit      
00000de9  __TI_auto_init_nobinit_nopinit
00000b39  __TI_decompress_lzss          
00001009  __TI_decompress_none          
ffffffff  __TI_pprof_out_hndl           
ffffffff  __TI_prof_data_size           
ffffffff  __TI_prof_data_start          
00000000  __TI_static_base__            
00001023  __TI_zero_init                
00000fbf  __aeabi_idiv0                 
00000fbf  __aeabi_ldiv0                 
00000987  __aeabi_memclr                
00000987  __aeabi_memclr4               
00000987  __aeabi_memclr8               
000007f5  __aeabi_memcpy                
000007f5  __aeabi_memcpy4               
000007f5  __aeabi_memcpy8               
00000989  __aeabi_memset                
00000989  __aeabi_memset4               
00000989  __aeabi_memset8               
00000e71  __aeabi_uidiv                 
00000e71  __aeabi_uidivmod              
ffffffff  __binit__                     
ffffffff  __c_args__                    
UNDEFED   __mpu_init                    
20000000  __stack                       
20000000  __start___llvm_prf_cnts       
20000000  __stop___llvm_prf_cnts        
00000eb1  _c_int00_noargs               
UNDEFED   _system_post_cinit            
00001053  _system_pre_init              
00001057  abort                         
ffffffff  binit                         
00000000  g_pfnVectors                  
0000026d  main                          
000007f5  memcpy                        
0000098f  memset                        
20000800  pui8ControlTable              
00000d5d  uDMAChannelAttributeDisable   
00000e2d  uDMAChannelAttributeEnable    
00000f0d  uDMAChannelControlSet         
00000f65  uDMAChannelEnable             
00000ee5  uDMAChannelModeGet            
00000891  uDMAChannelTransferSet        
00001031  uDMAControlBaseSet            
00000fc1  uDMAEnable                    


GLOBAL SYMBOLS: SORTED BY Symbol Address 

address   name                          
-------   ----                          
00000000  __TI_static_base__            
00000000  g_pfnVectors                  
0000026d  main                          
000004ed  UARTvprintf                   
000006dd  SysCtlClockGet                
000007f5  __aeabi_memcpy                
000007f5  __aeabi_memcpy4               
000007f5  __aeabi_memcpy8               
000007f5  memcpy                        
00000800  __STACK_SIZE                  
00000891  uDMAChannelTransferSet        
0000090d  ADCSequenceStepConfigure      
00000987  __aeabi_memclr                
00000987  __aeabi_memclr4               
00000987  __aeabi_memclr8               
00000989  __aeabi_memset                
00000989  __aeabi_memset4               
00000989  __aeabi_memset8               
0000098f  memset                        
00000a01  ConfigureUART                 
00000a69  IntDisable                    
00000ad1  IntEnable                     
00000b39  __TI_decompress_lzss          
00000ba1  TimerConfigure                
00000c01  UARTStdioConfig               
00000c61  TimerControlTrigger           
00000cbd  UARTwrite                     
00000d0d  ADCSequenceConfigure          
00000d5d  uDMAChannelAttributeDisable   
00000da5  ADCSeq0Handler                
00000de9  __TI_auto_init_nobinit_nopinit
00000e2d  uDMAChannelAttributeEnable    
00000e71  __aeabi_uidiv                 
00000e71  __aeabi_uidivmod              
00000eb1  _c_int00_noargs               
00000ee5  uDMAChannelModeGet            
00000f0d  uDMAChannelControlSet         
00000f31  UARTprintf                    
00000f4b  ADCClockConfigSet             
00000f65  uDMAChannelEnable             
00000f7d  TimerLoadSet                  
00000f8f  ADCIntEnable                  
00000f9f  ADCSequenceDMAEnable          
00000faf  IntMasterEnable               
00000fbf  __aeabi_idiv0                 
00000fbf  __aeabi_ldiv0                 
00000fc1  uDMAEnable                    
00000fd1  ADCIntDisable                 
00000fdf  ADCSequenceDisable            
00000fed  ADCSequenceEnable             
00000ffb  TimerEnable                   
00001009  __TI_decompress_none          
00001017  CPUcpsie                      
00001023  __TI_zero_init                
00001031  uDMAControlBaseSet            
0000103d  ADCIntClear                   
00001047  ResetISR                      
0000104d  SysCtlDelay                   
00001053  _system_pre_init              
00001057  C$$EXIT                       
00001057  abort                         
00001108  __TI_Handler_Table_Base       
00001114  __TI_Handler_Table_Limit      
00001128  __TI_CINIT_Base               
00001138  __TI_CINIT_Limit              
20000000  __stack                       
20000000  __start___llvm_prf_cnts       
20000000  __stop___llvm_prf_cnts        
20000800  __STACK_END                   
20000800  __STACK_TOP                   
20000800  pui8ControlTable              
ffffffff  __TI_pprof_out_hndl           
ffffffff  __TI_prof_data_size           
ffffffff  __TI_prof_data_start          
ffffffff  __binit__                     
ffffffff  __c_args__                    
ffffffff  binit                         
UNDEFED   __mpu_init                    
UNDEFED   _system_post_cinit            

[79 symbols]
